
Optional file libmchp_peripheral.a not found

Optional file libmchp_peripheral_32MX250F128B.a not found
Archive member included because of file (symbol)

c:/program files (x86)/microchip/xc32/v1.44/bin/bin/../../lib/gcc/pic32mx/4.8.3\libgcc.a(_udivdi3.o)
                              build/default/production/_ext/1417409628/sys_tmr.o (__udivdi3)
c:/program files (x86)/microchip/xc32/v1.44/bin/bin/../../lib/gcc/pic32mx/4.8.3/../../../../pic32mx/lib\libpic32.a(memset.o)
                              build/default/production/_ext/1298913485/drv_tmr.o (memset)
c:/program files (x86)/microchip/xc32/v1.44/bin/bin/../../lib/gcc/pic32mx/4.8.3/../../../../pic32mx/lib\libpic32.a(default-bootstrap-exception-handler.o)
                              c:/program files (x86)/microchip/xc32/v1.44/bin/bin/../../lib/gcc/pic32mx/4.8.3/../../../../pic32mx/lib/./proc/32MX250F128B/crt0_mips32r2.o (_bootstrap_exception_handler)
c:/program files (x86)/microchip/xc32/v1.44/bin/bin/../../lib/gcc/pic32mx/4.8.3/../../../../pic32mx/lib\libpic32.a(default-on-reset.o)
                              c:/program files (x86)/microchip/xc32/v1.44/bin/bin/../../lib/gcc/pic32mx/4.8.3/../../../../pic32mx/lib/./proc/32MX250F128B/crt0_mips32r2.o (_on_reset)
c:/program files (x86)/microchip/xc32/v1.44/bin/bin/../../lib/gcc/pic32mx/4.8.3/../../../../pic32mx/lib\libpic32.a(default-on-bootstrap.o)
                              c:/program files (x86)/microchip/xc32/v1.44/bin/bin/../../lib/gcc/pic32mx/4.8.3/../../../../pic32mx/lib/./proc/32MX250F128B/crt0_mips32r2.o (_on_bootstrap)
c:/program files (x86)/microchip/xc32/v1.44/bin/bin/../../lib/gcc/pic32mx/4.8.3/../../../../pic32mx/lib\libpic32.a(default-nmi-handler.o)
                              c:/program files (x86)/microchip/xc32/v1.44/bin/bin/../../lib/gcc/pic32mx/4.8.3/../../../../pic32mx/lib/./proc/32MX250F128B/crt0_mips32r2.o (_nmi_handler)
c:/program files (x86)/microchip/xc32/v1.44/bin/bin/../../lib/gcc/pic32mx/4.8.3/../../../../pic32mx/lib\libpic32.a(general-exception.o)
                              c:/program files (x86)/microchip/xc32/v1.44/bin/bin/../../lib/gcc/pic32mx/4.8.3/../../../../pic32mx/lib/./proc/32MX250F128B/crt0_mips32r2.o (_general_exception_context)
c:/program files (x86)/microchip/xc32/v1.44/bin/bin/../../lib/gcc/pic32mx/4.8.3/../../../../pic32mx/lib\libpic32.a(vector0.o)
                              c:/program files (x86)/microchip/xc32/v1.44/bin/bin/../../lib/gcc/pic32mx/4.8.3/../../../../pic32mx/lib/./proc/32MX250F128B\default_isr_vectors.o (__vector_dispatch_0)
c:/program files (x86)/microchip/xc32/v1.44/bin/bin/../../lib/gcc/pic32mx/4.8.3/../../../../pic32mx/lib\libpic32.a(vector1.o)
                              c:/program files (x86)/microchip/xc32/v1.44/bin/bin/../../lib/gcc/pic32mx/4.8.3/../../../../pic32mx/lib/./proc/32MX250F128B\default_isr_vectors.o (__vector_dispatch_1)
c:/program files (x86)/microchip/xc32/v1.44/bin/bin/../../lib/gcc/pic32mx/4.8.3/../../../../pic32mx/lib\libpic32.a(vector2.o)
                              c:/program files (x86)/microchip/xc32/v1.44/bin/bin/../../lib/gcc/pic32mx/4.8.3/../../../../pic32mx/lib/./proc/32MX250F128B\default_isr_vectors.o (__vector_dispatch_2)
c:/program files (x86)/microchip/xc32/v1.44/bin/bin/../../lib/gcc/pic32mx/4.8.3/../../../../pic32mx/lib\libpic32.a(vector3.o)
                              c:/program files (x86)/microchip/xc32/v1.44/bin/bin/../../lib/gcc/pic32mx/4.8.3/../../../../pic32mx/lib/./proc/32MX250F128B\default_isr_vectors.o (__vector_dispatch_3)
c:/program files (x86)/microchip/xc32/v1.44/bin/bin/../../lib/gcc/pic32mx/4.8.3/../../../../pic32mx/lib\libpic32.a(vector5.o)
                              c:/program files (x86)/microchip/xc32/v1.44/bin/bin/../../lib/gcc/pic32mx/4.8.3/../../../../pic32mx/lib/./proc/32MX250F128B\default_isr_vectors.o (__vector_dispatch_5)
c:/program files (x86)/microchip/xc32/v1.44/bin/bin/../../lib/gcc/pic32mx/4.8.3/../../../../pic32mx/lib\libpic32.a(vector6.o)
                              c:/program files (x86)/microchip/xc32/v1.44/bin/bin/../../lib/gcc/pic32mx/4.8.3/../../../../pic32mx/lib/./proc/32MX250F128B\default_isr_vectors.o (__vector_dispatch_6)
c:/program files (x86)/microchip/xc32/v1.44/bin/bin/../../lib/gcc/pic32mx/4.8.3/../../../../pic32mx/lib\libpic32.a(vector7.o)
                              c:/program files (x86)/microchip/xc32/v1.44/bin/bin/../../lib/gcc/pic32mx/4.8.3/../../../../pic32mx/lib/./proc/32MX250F128B\default_isr_vectors.o (__vector_dispatch_7)
c:/program files (x86)/microchip/xc32/v1.44/bin/bin/../../lib/gcc/pic32mx/4.8.3/../../../../pic32mx/lib\libpic32.a(vector9.o)
                              c:/program files (x86)/microchip/xc32/v1.44/bin/bin/../../lib/gcc/pic32mx/4.8.3/../../../../pic32mx/lib/./proc/32MX250F128B\default_isr_vectors.o (__vector_dispatch_9)
c:/program files (x86)/microchip/xc32/v1.44/bin/bin/../../lib/gcc/pic32mx/4.8.3/../../../../pic32mx/lib\libpic32.a(vector11.o)
[...]
Memory Configuration

Name             Origin             Length             Attributes
kseg0_program_mem 0x9d000000         0x0001f000         xr
exception_mem    0x9d01f000         0x00001000
debug_exec_mem   0x9fc00490         0x00000760
kseg0_boot_mem   0x9fc00490         0x00000000
kseg1_boot_mem   0xbfc00000         0x00000490
config3          0xbfc00bf0         0x00000004
config2          0xbfc00bf4         0x00000004
config1          0xbfc00bf8         0x00000004
config0          0xbfc00bfc         0x00000004
kseg1_data_mem   0xa0000000         0x00008000         w !x
sfrs             0xbf800000         0x00100000
configsfrs       0xbfc00bf0         0x00000010
*default*        0x00000000         0xffffffff

Linker script and memory map

LOAD c:/program files (x86)/microchip/xc32/v1.44/bin/bin/../../lib/gcc/pic32mx/4.8.3/../../../../pic32mx/lib/./proc/32MX250F128B/crt0_mips32r2.o
LOAD c:/program files (x86)/microchip/xc32/v1.44/bin/bin/../../lib/gcc/pic32mx/4.8.3/../../../../pic32mx/lib\debug-exception-return.o
LOAD build/default/production/_ext/1298913485/drv_tmr.o
LOAD build/default/production/_ext/695388678/drv_usbfs.o
LOAD build/default/production/_ext/695388678/drv_usbfs_host.o
LOAD build/default/production/_ext/639803181/sys_clk_pic32mx.o
LOAD build/default/production/_ext/340578644/sys_devcon.o
LOAD build/default/production/_ext/340578644/sys_devcon_pic32mx.o
LOAD build/default/production/_ext/1735427962/sys_int_pic32.o
LOAD build/default/production/_ext/822048611/sys_ports_static.o
LOAD build/default/production/_ext/1417409628/sys_tmr.o
LOAD build/default/production/_ext/2136756787/usb_host.o
LOAD build/default/production/_ext/2136756787/usb_host_cdc.o
LOAD build/default/production/_ext/2136756787/usb_host_cdc_acm.o
LOAD build/default/production/_ext/1688732426/system_init.o
LOAD build/default/production/_ext/1688732426/system_interrupt.o
LOAD build/default/production/_ext/1688732426/system_exceptions.o
LOAD build/default/production/_ext/1688732426/system_tasks.o
LOAD build/default/production/_ext/1360937237/app.o
LOAD build/default/production/_ext/1360937237/main.o
LOAD ..\src\system_config\default\bin\framework\peripheral\PIC32MX250F128B_peripherals.a
                0x00000001                __MPLAB_BUILD = 0x1
                0x00000400                _min_heap_size = 0x400
LOAD c:/program files (x86)/microchip/xc32/v1.44/bin/bin/../../lib/gcc/pic32mx/4.8.3/../../../../pic32mx/lib/./proc/32MX250F128B\default_isr_vectors.o
LOAD c:/program files (x86)/microchip/xc32/v1.44/bin/bin/../../lib/gcc/pic32mx/4.8.3/../../../../pic32mx/lib\pic32_software_reset.o
                0x00000400                PROVIDE (_min_stack_size, 0x400)
LOAD c:/program files (x86)/microchip/xc32/v1.44/bin/bin/../../lib/gcc/pic32mx/4.8.3/../../../../pic32mx/lib/./proc/32MX250F128B\processor.o
START GROUP
LOAD libmchp_peripheral.a
END GROUP
START GROUP
LOAD libmchp_peripheral_32MX250F128B.a
END GROUP
                0x00000001                PROVIDE (_vector_spacing, 0x1)
                0x9d01f000                PROVIDE (_ebase_address, 0x9d01f000)
                0xbfc00000                _RESET_ADDR = 0xbfc00000
                0xbfc00380                _BEV_EXCPT_ADDR = 0xbfc00380
                0xbfc00480                _DBG_EXCPT_ADDR = 0xbfc00480
                0x9fc00490                _DBG_CODE_ADDR = 0x9fc00490
                0x00000760                _DBG_CODE_SIZE = 0x760
                0x9d01f180                _GEN_EXCPT_ADDR = (_ebase_address + 0x180)

.config_BFC00BF0
                0xbfc00bf0        0x4
 *(.config_BFC00BF0)
 .config_BFC00BF0
                0xbfc00bf0        0x4 build/default/production/_ext/1688732426/system_init.o

.config_BFC00BF4
                0xbfc00bf4        0x4
 *(.config_BFC00BF4)
 .config_BFC00BF4
                0xbfc00bf4        0x4 build/default/production/_ext/1688732426/system_init.o

.config_BFC00BF8
                0xbfc00bf8        0x4
 *(.config_BFC00BF8)
 .config_BFC00BF8
                0xbfc00bf8        0x4 build/default/production/_ext/1688732426/system_init.o

.config_BFC00BFC
                0xbfc00bfc        0x4
 *(.config_BFC00BFC)
 .config_BFC00BFC
                0xbfc00bfc        0x4 build/default/production/_ext/1688732426/system_init.o
                0xbfc02000                PROVIDE (_DBG_CODE_ADDR, 0xbfc02000)
                0x00000ff0                PROVIDE (_DBG_CODE_SIZE, 0xff0)

.reset          0xbfc00000      0x1e4
 *(.reset)
 .reset         0xbfc00000        0x8 c:/program files (x86)/microchip/xc32/v1.44/bin/bin/../../lib/gcc/pic32mx/4.8.3/../../../../pic32mx/lib/./proc/32MX250F128B/crt0_mips32r2.o
                0xbfc00000                _reset
 *(.reset.startup)
 .reset.startup
                0xbfc00008      0x1dc c:/program files (x86)/microchip/xc32/v1.44/bin/bin/../../lib/gcc/pic32mx/4.8.3/../../../../pic32mx/lib/./proc/32MX250F128B/crt0_mips32r2.o
                0xbfc00008                _startup

.bev_excpt      0xbfc00380       0x10
 *(.bev_handler)
 .bev_handler   0xbfc00380       0x10 c:/program files (x86)/microchip/xc32/v1.44/bin/bin/../../lib/gcc/pic32mx/4.8.3/../../../../pic32mx/lib/./proc/32MX250F128B/crt0_mips32r2.o

.dbg_excpt      0xbfc00480        0x0
                0xbfc00480                . = (. + DEFINED (_DEBUGGER)?0x8:0x0)

.dbg_code       0x9fc00490        0x0
                0x9fc00490                . = (. + DEFINED (_DEBUGGER)?_DBG_CODE_SIZE:0x0)

.app_excpt      0x9d01f180       0x10
 *(.gen_handler)
 .gen_handler   0x9d01f180       0x10 c:/program files (x86)/microchip/xc32/v1.44/bin/bin/../../lib/gcc/pic32mx/4.8.3/../../../../pic32mx/lib/./proc/32MX250F128B/crt0_mips32r2.o

.vector_0       0x9d01f200        0x8
 *(.vector_0)
 .vector_0      0x9d01f200        0x8 c:/program files (x86)/microchip/xc32/v1.44/bin/bin/../../lib/gcc/pic32mx/4.8.3/../../../../pic32mx/lib\libpic32.a(vector0.o)
                0x9d01f200                __vector_dispatch_0
                0x00000001                ASSERT (((_vector_spacing == 0x0) || (SIZEOF (.vector_0) <= (_vector_spacing << 0x5))), function at exception vector 0 too large)

.vector_1       0x9d01f220        0x8
 *(.vector_1)
 .vector_1      0x9d01f220        0x8 c:/program files (x86)/microchip/xc32/v1.44/bin/bin/../../lib/gcc/pic32mx/4.8.3/../../../../pic32mx/lib\libpic32.a(vector1.o)
                0x9d01f220                __vector_dispatch_1
                0x00000001                ASSERT (((_vector_spacing == 0x0) || (SIZEOF (.vector_1) <= (_vector_spacing << 0x5))), function at exception vector 1 too large)

.vector_2       0x9d01f240        0x8
 *(.vector_2)
 .vector_2      0x9d01f240        0x8 c:/program files (x86)/microchip/xc32/v1.44/bin/bin/../../lib/gcc/pic32mx/4.8.3/../../../../pic32mx/lib\libpic32.a(vector2.o)
                0x9d01f240                __vector_dispatch_2
                0x00000001                ASSERT (((_vector_spacing == 0x0) || (SIZEOF (.vector_2) <= (_vector_spacing << 0x5))), function at exception vector 2 too large)

.vector_3       0x9d01f260        0x8
 *(.vector_3)
 .vector_3      0x9d01f260        0x8 c:/program files (x86)/microchip/xc32/v1.44/bin/bin/../../lib/gcc/pic32mx/4.8.3/../../../../pic32mx/lib\libpic32.a(vector3.o)
                0x9d01f260                __vector_dispatch_3
                0x00000001                ASSERT (((_vector_spacing == 0x0) || (SIZEOF (.vector_3) <= (_vector_spacing << 0x5))), function at exception vector 3 too large)

.vector_4       0x9d01f280        0x8
 *(.vector_4)
 .vector_4      0x9d01f280        0x8 build/default/production/_ext/1688732426/system_interrupt.o
                0x9d01f280                __vector_dispatch_4
                0x00000001                ASSERT (((_vector_spacing == 0x0) || (SIZEOF (.vector_4) <= (_vector_spacing << 0x5))), function at exception vector 4 too large)

.vector_5       0x9d01f2a0        0x8
 *(.vector_5)
 .vector_5      0x9d01f2a0        0x8 c:/program files (x86)/microchip/xc32/v1.44/bin/bin/../../lib/gcc/pic32mx/4.8.3/../../../../pic32mx/lib\libpic32.a(vector5.o)
                0x9d01f2a0                __vector_dispatch_5
                0x00000001                ASSERT (((_vector_spacing == 0x0) || (SIZEOF (.vector_5) <= (_vector_spacing << 0x5))), function at exception vector 5 too large)

.vector_6       0x9d01f2c0        0x8
 *(.vector_6)
 .vector_6      0x9d01f2c0        0x8 c:/program files (x86)/microchip/xc32/v1.44/bin/bin/../../lib/gcc/pic32mx/4.8.3/../../../../pic32mx/lib\libpic32.a(vector6.o)
                0x9d01f2c0                __vector_dispatch_6
                0x00000001                ASSERT (((_vector_spacing == 0x0) || (SIZEOF (.vector_6) <= (_vector_spacing << 0x5))), function at exception vector 6 too large)

.vector_7       0x9d01f2e0        0x8
 *(.vector_7)
 .vector_7      0x9d01f2e0        0x8 c:/program files (x86)/microchip/xc32/v1.44/bin/bin/../../lib/gcc/pic32mx/4.8.3/../../../../pic32mx/lib\libpic32.a(vector7.o)
                0x9d01f2e0                __vector_dispatch_7
                0x00000001                ASSERT (((_vector_spacing == 0x0) || (SIZEOF (.vector_7) <= (_vector_spacing << 0x5))), function at exception vector 7 too large)

.vector_8       0x9d01f300        0x8
 *(.vector_8)
 .vector_8      0x9d01f300        0x8 build/default/production/_ext/1360937237/app.o
                0x9d01f300                __vector_dispatch_8
                0x00000001                ASSERT (((_vector_spacing == 0x0) || (SIZEOF (.vector_8) <= (_vector_spacing << 0x5))), function at exception vector 8 too large)

.vector_9       0x9d01f320        0x8
 *(.vector_9)
 .vector_9      0x9d01f320        0x8 c:/program files (x86)/microchip/xc32/v1.44/bin/bin/../../lib/gcc/pic32mx/4.8.3/../../../../pic32mx/lib\libpic32.a(vector9.o)
                0x9d01f320                __vector_dispatch_9
                0x00000001                ASSERT (((_vector_spacing == 0x0) || (SIZEOF (.vector_9) <= (_vector_spacing << 0x5))), function at exception vector 9 too large)

.vector_10      0x9d01f340        0x8
 *(.vector_10)
 .vector_10     0x9d01f340        0x8 build/default/production/_ext/1360937237/app.o
                0x9d01f340                __vector_dispatch_10
                0x00000001                ASSERT (((_vector_spacing == 0x0) || (SIZEOF (.vector_10) <= (_vector_spacing << 0x5))), function at exception vector 10 too large)

.vector_11      0x9d01f360        0x8
 *(.vector_11)
 .vector_11     0x9d01f360        0x8 c:/program files (x86)/microchip/xc32/v1.44/bin/bin/../../lib/gcc/pic32mx/4.8.3/../../../../pic32mx/lib\libpic32.a(vector11.o)
                0x9d01f360                __vector_dispatch_11
                0x00000001                ASSERT (((_vector_spacing == 0x0) || (SIZEOF (.vector_11) <= (_vector_spacing << 0x5))), function at exception vector 11 too large)

.vector_12      0x9d01f380        0x8
 *(.vector_12)
 .vector_12     0x9d01f380        0x8 c:/program files (x86)/microchip/xc32/v1.44/bin/bin/../../lib/gcc/pic32mx/4.8.3/../../../../pic32mx/lib\libpic32.a(vector12.o)
                0x9d01f380                __vector_dispatch_12
                0x00000001                ASSERT (((_vector_spacing == 0x0) || (SIZEOF (.vector_12) <= (_vector_spacing << 0x5))), function at exception vector 12 too large)

.vector_13      0x9d01f3a0        0x8
 *(.vector_13)
 .vector_13     0x9d01f3a0        0x8 c:/program files (x86)/microchip/xc32/v1.44/bin/bin/../../lib/gcc/pic32mx/4.8.3/../../../../pic32mx/lib\libpic32.a(vector13.o)
                0x9d01f3a0                __vector_dispatch_13
                0x00000001                ASSERT (((_vector_spacing == 0x0) || (SIZEOF (.vector_13) <= (_vector_spacing << 0x5))), function at exception vector 13 too large)

.vector_14      0x9d01f3c0        0x8
 *(.vector_14)
 .vector_14     0x9d01f3c0        0x8 c:/program files (x86)/microchip/xc32/v1.44/bin/bin/../../lib/gcc/pic32mx/4.8.3/../../../../pic32mx/lib\libpic32.a(vector14.o)
                0x9d01f3c0                __vector_dispatch_14
                0x00000001                ASSERT (((_vector_spacing == 0x0) || (SIZEOF (.vector_14) <= (_vector_spacing << 0x5))), function at exception vector 14 too large)

.vector_15      0x9d01f3e0        0x8
 *(.vector_15)
 .vector_15     0x9d01f3e0        0x8 c:/program files (x86)/microchip/xc32/v1.44/bin/bin/../../lib/gcc/pic32mx/4.8.3/../../../../pic32mx/lib\libpic32.a(vector15.o)
                0x9d01f3e0                __vector_dispatch_15
                0x00000001                ASSERT (((_vector_spacing == 0x0) || (SIZEOF (.vector_15) <= (_vector_spacing << 0x5))), function at exception vector 15 too large)

.vector_16      0x9d01f400        0x8
 *(.vector_16)
 .vector_16     0x9d01f400        0x8 c:/program files (x86)/microchip/xc32/v1.44/bin/bin/../../lib/gcc/pic32mx/4.8.3/../../../../pic32mx/lib\libpic32.a(vector16.o)
                0x9d01f400                __vector_dispatch_16
                0x00000001                ASSERT (((_vector_spacing == 0x0) || (SIZEOF (.vector_16) <= (_vector_spacing << 0x5))), function at exception vector 16 too large)

.vector_17      0x9d01f420        0x8
 *(.vector_17)
 .vector_17     0x9d01f420        0x8 c:/program files (x86)/microchip/xc32/v1.44/bin/bin/../../lib/gcc/pic32mx/4.8.3/../../../../pic32mx/lib\libpic32.a(vector17.o)
                0x9d01f420                __vector_dispatch_17
                0x00000001                ASSERT (((_vector_spacing == 0x0) || (SIZEOF (.vector_17) <= (_vector_spacing << 0x5))), function at exception vector 17 too large)

.vector_18      0x9d01f440        0x8
 *(.vector_18)
 .vector_18     0x9d01f440        0x8 c:/program files (x86)/microchip/xc32/v1.44/bin/bin/../../lib/gcc/pic32mx/4.8.3/../../../../pic32mx/lib\libpic32.a(vector18.o)
                0x9d01f440                __vector_dispatch_18
                0x00000001                ASSERT (((_vector_spacing == 0x0) || (SIZEOF (.vector_18) <= (_vector_spacing << 0x5))), function at exception vector 18 too large)

.vector_19      0x9d01f460        0x8
 *(.vector_19)
 .vector_19     0x9d01f460        0x8 c:/program files (x86)/microchip/xc32/v1.44/bin/bin/../../lib/gcc/pic32mx/4.8.3/../../../../pic32mx/lib\libpic32.a(vector19.o)
                0x9d01f460                __vector_dispatch_19
                0x00000001                ASSERT (((_vector_spacing == 0x0) || (SIZEOF (.vector_19) <= (_vector_spacing << 0x5))), function at exception vector 19 too large)

.vector_20      0x9d01f480        0x8
 *(.vector_20)
 .vector_20     0x9d01f480        0x8 c:/program files (x86)/microchip/xc32/v1.44/bin/bin/../../lib/gcc/pic32mx/4.8.3/../../../../pic32mx/lib\libpic32.a(vector20.o)
                0x9d01f480                __vector_dispatch_20
                0x00000001                ASSERT (((_vector_spacing == 0x0) || (SIZEOF (.vector_20) <= (_vector_spacing << 0x5))), function at exception vector 20 too large)

.vector_21      0x9d01f4a0        0x8
 *(.vector_21)
 .vector_21     0x9d01f4a0        0x8 c:/program files (x86)/microchip/xc32/v1.44/bin/bin/../../lib/gcc/pic32mx/4.8.3/../../../../pic32mx/lib\libpic32.a(vector21.o)
                0x9d01f4a0                __vector_dispatch_21
                0x00000001                ASSERT (((_vector_spacing == 0x0) || (SIZEOF (.vector_21) <= (_vector_spacing << 0x5))), function at exception vector 21 too large)

.vector_22      0x9d01f4c0        0x8
 *(.vector_22)
 .vector_22     0x9d01f4c0        0x8 c:/program files (x86)/microchip/xc32/v1.44/bin/bin/../../lib/gcc/pic32mx/4.8.3/../../../../pic32mx/lib\libpic32.a(vector22.o)
                0x9d01f4c0                __vector_dispatch_22
                0x00000001                ASSERT (((_vector_spacing == 0x0) || (SIZEOF (.vector_22) <= (_vector_spacing << 0x5))), function at exception vector 22 too large)

.vector_23      0x9d01f4e0        0x8
 *(.vector_23)
 .vector_23     0x9d01f4e0        0x8 c:/program files (x86)/microchip/xc32/v1.44/bin/bin/../../lib/gcc/pic32mx/4.8.3/../../../../pic32mx/lib\libpic32.a(vector23.o)
                0x9d01f4e0                __vector_dispatch_23
                0x00000001                ASSERT (((_vector_spacing == 0x0) || (SIZEOF (.vector_23) <= (_vector_spacing << 0x5))), function at exception vector 23 too large)

.vector_24      0x9d01f500        0x8
 *(.vector_24)
 .vector_24     0x9d01f500        0x8 c:/program files (x86)/microchip/xc32/v1.44/bin/bin/../../lib/gcc/pic32mx/4.8.3/../../../../pic32mx/lib\libpic32.a(vector24.o)
                0x9d01f500                __vector_dispatch_24
                0x00000001                ASSERT (((_vector_spacing == 0x0) || (SIZEOF (.vector_24) <= (_vector_spacing << 0x5))), function at exception vector 24 too large)

.vector_25      0x9d01f520        0x8
 *(.vector_25)
 .vector_25     0x9d01f520        0x8 c:/program files (x86)/microchip/xc32/v1.44/bin/bin/../../lib/gcc/pic32mx/4.8.3/../../../../pic32mx/lib\libpic32.a(vector25.o)
                0x9d01f520                __vector_dispatch_25
                0x00000001                ASSERT (((_vector_spacing == 0x0) || (SIZEOF (.vector_25) <= (_vector_spacing << 0x5))), function at exception vector 25 too large)

.vector_26      0x9d01f540        0x8
 *(.vector_26)
 .vector_26     0x9d01f540        0x8 c:/program files (x86)/microchip/xc32/v1.44/bin/bin/../../lib/gcc/pic32mx/4.8.3/../../../../pic32mx/lib\libpic32.a(vector26.o)
                0x9d01f540                __vector_dispatch_26
                0x00000001                ASSERT (((_vector_spacing == 0x0) || (SIZEOF (.vector_26) <= (_vector_spacing << 0x5))), function at exception vector 26 too large)

.vector_27      0x9d01f560        0x8
 *(.vector_27)
 .vector_27     0x9d01f560        0x8 c:/program files (x86)/microchip/xc32/v1.44/bin/bin/../../lib/gcc/pic32mx/4.8.3/../../../../pic32mx/lib\libpic32.a(vector27.o)
                0x9d01f560                __vector_dispatch_27
                0x00000001                ASSERT (((_vector_spacing == 0x0) || (SIZEOF (.vector_27) <= (_vector_spacing << 0x5))), function at exception vector 27 too large)

.vector_28      0x9d01f580        0x8
 *(.vector_28)
 .vector_28     0x9d01f580        0x8 c:/program files (x86)/microchip/xc32/v1.44/bin/bin/../../lib/gcc/pic32mx/4.8.3/../../../../pic32mx/lib\libpic32.a(vector28.o)
                0x9d01f580                __vector_dispatch_28
                0x00000001                ASSERT (((_vector_spacing == 0x0) || (SIZEOF (.vector_28) <= (_vector_spacing << 0x5))), function at exception vector 28 too large)

.vector_29      0x9d01f5a0        0x8
 *(.vector_29)
 .vector_29     0x9d01f5a0        0x8 c:/program files (x86)/microchip/xc32/v1.44/bin/bin/../../lib/gcc/pic32mx/4.8.3/../../../../pic32mx/lib\libpic32.a(vector29.o)
                0x9d01f5a0                __vector_dispatch_29
                0x00000001                ASSERT (((_vector_spacing == 0x0) || (SIZEOF (.vector_29) <= (_vector_spacing << 0x5))), function at exception vector 29 too large)

.vector_30      0x9d01f5c0        0x8
 *(.vector_30)
 .vector_30     0x9d01f5c0        0x8 build/default/production/_ext/1688732426/system_interrupt.o
                0x9d01f5c0                __vector_dispatch_30
                0x00000001                ASSERT (((_vector_spacing == 0x0) || (SIZEOF (.vector_30) <= (_vector_spacing << 0x5))), function at exception vector 30 too large)

.vector_31      0x9d01f5e0        0x8
 *(.vector_31)
 .vector_31     0x9d01f5e0        0x8 c:/program files (x86)/microchip/xc32/v1.44/bin/bin/../../lib/gcc/pic32mx/4.8.3/../../../../pic32mx/lib\libpic32.a(vector31.o)
                0x9d01f5e0                __vector_dispatch_31
                0x00000001                ASSERT (((_vector_spacing == 0x0) || (SIZEOF (.vector_31) <= (_vector_spacing << 0x5))), function at exception vector 31 too large)

.vector_32      0x9d01f600        0x8
 *(.vector_32)
 .vector_32     0x9d01f600        0x8 c:/program files (x86)/microchip/xc32/v1.44/bin/bin/../../lib/gcc/pic32mx/4.8.3/../../../../pic32mx/lib\libpic32.a(vector32.o)
                0x9d01f600                __vector_dispatch_32
                0x00000001                ASSERT (((_vector_spacing == 0x0) || (SIZEOF (.vector_32) <= (_vector_spacing << 0x5))), function at exception vector 32 too large)

.vector_33      0x9d01f620        0x8
 *(.vector_33)
 .vector_33     0x9d01f620        0x8 c:/program files (x86)/microchip/xc32/v1.44/bin/bin/../../lib/gcc/pic32mx/4.8.3/../../../../pic32mx/lib\libpic32.a(vector33.o)
                0x9d01f620                __vector_dispatch_33
                0x00000001                ASSERT (((_vector_spacing == 0x0) || (SIZEOF (.vector_33) <= (_vector_spacing << 0x5))), function at exception vector 33 too large)

.vector_34      0x9d01f640        0x8
 *(.vector_34)
 .vector_34     0x9d01f640        0x8 c:/program files (x86)/microchip/xc32/v1.44/bin/bin/../../lib/gcc/pic32mx/4.8.3/../../../../pic32mx/lib\libpic32.a(vector34.o)
                0x9d01f640                __vector_dispatch_34
                0x00000001                ASSERT (((_vector_spacing == 0x0) || (SIZEOF (.vector_34) <= (_vector_spacing << 0x5))), function at exception vector 34 too large)

.vector_35      0x9d01f660        0x8
 *(.vector_35)
 .vector_35     0x9d01f660        0x8 c:/program files (x86)/microchip/xc32/v1.44/bin/bin/../../lib/gcc/pic32mx/4.8.3/../../../../pic32mx/lib\libpic32.a(vector35.o)
                0x9d01f660                __vector_dispatch_35
                0x00000001                ASSERT (((_vector_spacing == 0x0) || (SIZEOF (.vector_35) <= (_vector_spacing << 0x5))), function at exception vector 35 too large)

.vector_36      0x9d01f680        0x8
 *(.vector_36)
 .vector_36     0x9d01f680        0x8 c:/program files (x86)/microchip/xc32/v1.44/bin/bin/../../lib/gcc/pic32mx/4.8.3/../../../../pic32mx/lib\libpic32.a(vector36.o)
                0x9d01f680                __vector_dispatch_36
                0x00000001                ASSERT (((_vector_spacing == 0x0) || (SIZEOF (.vector_36) <= (_vector_spacing << 0x5))), function at exception vector 36 too large)

.vector_37      0x9d01f6a0        0x8
 *(.vector_37)
 .vector_37     0x9d01f6a0        0x8 c:/program files (x86)/microchip/xc32/v1.44/bin/bin/../../lib/gcc/pic32mx/4.8.3/../../../../pic32mx/lib\libpic32.a(vector37.o)
                0x9d01f6a0                __vector_dispatch_37
                0x00000001                ASSERT (((_vector_spacing == 0x0) || (SIZEOF (.vector_37) <= (_vector_spacing << 0x5))), function at exception vector 37 too large)

.vector_38      0x9d01f6c0        0x8
 *(.vector_38)
 .vector_38     0x9d01f6c0        0x8 c:/program files (x86)/microchip/xc32/v1.44/bin/bin/../../lib/gcc/pic32mx/4.8.3/../../../../pic32mx/lib\libpic32.a(vector38.o)
                0x9d01f6c0                __vector_dispatch_38
                0x00000001                ASSERT (((_vector_spacing == 0x0) || (SIZEOF (.vector_38) <= (_vector_spacing << 0x5))), function at exception vector 38 too large)

.vector_39      0x9d01f6e0        0x8
 *(.vector_39)
 .vector_39     0x9d01f6e0        0x8 c:/program files (x86)/microchip/xc32/v1.44/bin/bin/../../lib/gcc/pic32mx/4.8.3/../../../../pic32mx/lib\libpic32.a(vector39.o)
                0x9d01f6e0                __vector_dispatch_39
                0x00000001                ASSERT (((_vector_spacing == 0x0) || (SIZEOF (.vector_39) <= (_vector_spacing << 0x5))), function at exception vector 39 too large)

.vector_40      0x9d01f700        0x8
 *(.vector_40)
 .vector_40     0x9d01f700        0x8 c:/program files (x86)/microchip/xc32/v1.44/bin/bin/../../lib/gcc/pic32mx/4.8.3/../../../../pic32mx/lib\libpic32.a(vector40.o)
                0x9d01f700                __vector_dispatch_40
                0x00000001                ASSERT (((_vector_spacing == 0x0) || (SIZEOF (.vector_40) <= (_vector_spacing << 0x5))), function at exception vector 40 too large)

.vector_41      0x9d01f720        0x8
 *(.vector_41)
 .vector_41     0x9d01f720        0x8 c:/program files (x86)/microchip/xc32/v1.44/bin/bin/../../lib/gcc/pic32mx/4.8.3/../../../../pic32mx/lib\libpic32.a(vector41.o)
                0x9d01f720                __vector_dispatch_41
                0x00000001                ASSERT (((_vector_spacing == 0x0) || (SIZEOF (.vector_41) <= (_vector_spacing << 0x5))), function at exception vector 41 too large)

.vector_42      0x9d01f740        0x8
 *(.vector_42)
 .vector_42     0x9d01f740        0x8 c:/program files (x86)/microchip/xc32/v1.44/bin/bin/../../lib/gcc/pic32mx/4.8.3/../../../../pic32mx/lib\libpic32.a(vector42.o)
                0x9d01f740                __vector_dispatch_42
                0x00000001                ASSERT (((_vector_spacing == 0x0) || (SIZEOF (.vector_42) <= (_vector_spacing << 0x5))), function at exception vector 42 too large)

.vector_43      0x9d01f760        0x8
 *(.vector_43)
 .vector_43     0x9d01f760        0x8 c:/program files (x86)/microchip/xc32/v1.44/bin/bin/../../lib/gcc/pic32mx/4.8.3/../../../../pic32mx/lib\libpic32.a(vector43.o)
                0x9d01f760                __vector_dispatch_43
                0x00000001                ASSERT (((_vector_spacing == 0x0) || (SIZEOF (.vector_43) <= (_vector_spacing << 0x5))), function at exception vector 43 too large)

.vector_44      0x9d01f780        0x0
 *(.vector_44)
                0x00000001                ASSERT (((_vector_spacing == 0x0) || (SIZEOF (.vector_44) <= (_vector_spacing << 0x5))), function at exception vector 44 too large)

.vector_45      0x9d01f7a0        0x0
 *(.vector_45)
                0x00000001                ASSERT (((_vector_spacing == 0x0) || (SIZEOF (.vector_45) <= (_vector_spacing << 0x5))), function at exception vector 45 too large)

.vector_46      0x9d01f7c0        0x0
 *(.vector_46)
                0x00000001                ASSERT (((_vector_spacing == 0x0) || (SIZEOF (.vector_46) <= (_vector_spacing << 0x5))), function at exception vector 46 too large)

.vector_47      0x9d01f7e0        0x0
 *(.vector_47)
                0x00000001                ASSERT (((_vector_spacing == 0x0) || (SIZEOF (.vector_47) <= (_vector_spacing << 0x5))), function at exception vector 47 too large)

.vector_48      0x9d01f800        0x0
 *(.vector_48)
                0x00000001                ASSERT (((_vector_spacing == 0x0) || (SIZEOF (.vector_48) <= (_vector_spacing << 0x5))), function at exception vector 48 too large)

.vector_49      0x9d01f820        0x0
 *(.vector_49)
                0x00000001                ASSERT (((_vector_spacing == 0x0) || (SIZEOF (.vector_49) <= (_vector_spacing << 0x5))), function at exception vector 49 too large)

.vector_50      0x9d01f840        0x0
 *(.vector_50)
                0x00000001                ASSERT (((_vector_spacing == 0x0) || (SIZEOF (.vector_50) <= (_vector_spacing << 0x5))), function at exception vector 50 too large)

.vector_51      0x9d01f860        0x0
 *(.vector_51)
                0x00000001                ASSERT (((_vector_spacing == 0x0) || (SIZEOF (.vector_51) <= (_vector_spacing << 0x5))), function at exception vector 51 too large)

.vector_52      0x9d01f880        0x0
 *(.vector_52)
                0x00000001                ASSERT (((_vector_spacing == 0x0) || (SIZEOF (.vector_52) <= (_vector_spacing << 0x5))), function at exception vector 52 too large)

.vector_53      0x9d01f8a0        0x0
 *(.vector_53)
                0x00000001                ASSERT (((_vector_spacing == 0x0) || (SIZEOF (.vector_53) <= (_vector_spacing << 0x5))), function at exception vector 53 too large)

.vector_54      0x9d01f8c0        0x0
 *(.vector_54)
                0x00000001                ASSERT (((_vector_spacing == 0x0) || (SIZEOF (.vector_54) <= (_vector_spacing << 0x5))), function at exception vector 54 too large)

.vector_55      0x9d01f8e0        0x0
 *(.vector_55)
                0x00000001                ASSERT (((_vector_spacing == 0x0) || (SIZEOF (.vector_55) <= (_vector_spacing << 0x5))), function at exception vector 55 too large)

.vector_56      0x9d01f900        0x0
 *(.vector_56)
                0x00000001                ASSERT (((_vector_spacing == 0x0) || (SIZEOF (.vector_56) <= (_vector_spacing << 0x5))), function at exception vector 56 too large)

.vector_57      0x9d01f920        0x0
 *(.vector_57)
                0x00000001                ASSERT (((_vector_spacing == 0x0) || (SIZEOF (.vector_57) <= (_vector_spacing << 0x5))), function at exception vector 57 too large)

.vector_58      0x9d01f940        0x0
 *(.vector_58)
                0x00000001                ASSERT (((_vector_spacing == 0x0) || (SIZEOF (.vector_58) <= (_vector_spacing << 0x5))), function at exception vector 58 too large)

.vector_59      0x9d01f960        0x0
 *(.vector_59)
                0x00000001                ASSERT (((_vector_spacing == 0x0) || (SIZEOF (.vector_59) <= (_vector_spacing << 0x5))), function at exception vector 59 too large)

.vector_60      0x9d01f980        0x0
 *(.vector_60)
                0x00000001                ASSERT (((_vector_spacing == 0x0) || (SIZEOF (.vector_60) <= (_vector_spacing << 0x5))), function at exception vector 60 too large)

.vector_61      0x9d01f9a0        0x0
 *(.vector_61)
                0x00000001                ASSERT (((_vector_spacing == 0x0) || (SIZEOF (.vector_61) <= (_vector_spacing << 0x5))), function at exception vector 61 too large)

.vector_62      0x9d01f9c0        0x0
 *(.vector_62)
                0x00000001                ASSERT (((_vector_spacing == 0x0) || (SIZEOF (.vector_62) <= (_vector_spacing << 0x5))), function at exception vector 62 too large)

.vector_63      0x9d01f9e0        0x0
 *(.vector_63)
                0x00000001                ASSERT (((_vector_spacing == 0x0) || (SIZEOF (.vector_63) <= (_vector_spacing << 0x5))), function at exception vector 63 too large)

.startup
 *(.startup)

.text           0x9d000000        0x0
 *(.stub .gnu.linkonce.t.*)
 *(.text.*personality*)
 *(.mips16.fn.*)
 *(.mips16.call.*)
 *(.gnu.warning)
                0x9d000000                . = ALIGN (0x4)

.init           0x9d000000        0x0
 *crti.o(.init)
 *crtbegin.o(.init)
 *(EXCLUDE_FILE(*crtn.o *crtend?.o *crtend.o) .init)
 *crtend.o(.init)
 *crtn.o(.init)
                0x9d000000                . = ALIGN (0x4)

.fini           0x9d000000        0x0
 *(.fini)
                0x9d000000                . = ALIGN (0x4)

.preinit_array  0x9d000000        0x0
                0x9d000000                PROVIDE (__preinit_array_start, .)
 *(.preinit_array)
                0x9d000000                PROVIDE (__preinit_array_end, .)
                0x9d000000                . = ALIGN (0x4)

.init_array     0x9d000000        0x0
                0x9d000000                PROVIDE (__init_array_start, .)
 *(SORT(.init_array.*))
 *(.init_array)
                0x9d000000                PROVIDE (__init_array_end, .)
                0x9d000000                . = ALIGN (0x4)

.fini_array     0x9d000000        0x0
                0x9d000000                PROVIDE (__fini_array_start, .)
 *(SORT(.fini_array.*))
 *(.fini_array)
                0x9d000000                PROVIDE (__fini_array_end, .)
                0x9d000000                . = ALIGN (0x4)

.ctors          0x9d000000        0x0
 *crtbegin.o(.ctors)
 *crtbegin?.o(.ctors)
 *(EXCLUDE_FILE(*crtend?.o *crtend.o) .ctors)
 *(SORT(.ctors.*))
 *(.ctors)
                0x9d000000                . = ALIGN (0x4)

.dtors          0x9d000000        0x0
 *crtbegin.o(.dtors)
 *crtbegin?.o(.dtors)
 *(EXCLUDE_FILE(*crtend?.o *crtend.o) .dtors)
 *(SORT(.dtors.*))
 *(.dtors)
                0x9d000000                . = ALIGN (0x4)

.rodata         0x9d000000        0x0
 *(.gnu.linkonce.r.*)
 *(.rodata1)
                0x9d000000                . = ALIGN (0x4)

.sdata2         0x9fc00490        0x0
 *(.sdata2 .sdata2.* .gnu.linkonce.s2.*)
                0x9fc00490                . = ALIGN (0x4)

.sbss2          0x9fc00490        0x0
 *(.sbss2 .sbss2.* .gnu.linkonce.sb2.*)
                0x9fc00490                . = ALIGN (0x4)

.eh_frame_hdr
 *(.eh_frame_hdr)
                0x9fc00490                . = ALIGN (0x4)

.eh_frame
 *(.eh_frame)
                0x9fc00490                . = ALIGN (0x4)

.gcc_except_table
 *(.gcc_except_table .gcc_except_table.*)
                0x9fc00490                . = ALIGN (0x4)

.dbg_data       0xa0000000        0x0
                0xa0000000                . = (. + DEFINED (_DEBUGGER)?0x200:0x0)

.jcr            0xa0000000        0x0
 *(.jcr)
                0xa0000000                . = ALIGN (0x4)

.eh_frame
 *(.eh_frame)
                0xa0000000                . = ALIGN (0x4)

.gcc_except_table
 *(.gcc_except_table .gcc_except_table.*)
                0xa0000000                . = ALIGN (0x4)

.persist        0xa0000000        0x0
                0xa0000000                _persist_begin = .
 *(.persist .persist.*)
 *(.pbss .pbss.*)
                0xa0000000                . = ALIGN (0x4)
                0xa0000000                _persist_end = .

.data           0xa0000000        0x0
 *(.gnu.linkonce.d.*)
 *(.data1)
                0xa0000000                . = ALIGN (0x4)
                0xa0000000                . = .
                0xa0007ff0                _gp = (ALIGN (0x10) + 0x7ff0)

.got            0xa0000000        0x0
 *(.got.plt)
 *(.got)
                0xa0000000                . = ALIGN (0x4)

.sdata          0xa0000000       0x24
                0xa0000000                _sdata_begin = .
 *(.sdata .sdata.* .gnu.linkonce.s.*)
 .sdata         0xa0000000       0x24 build/default/production/_ext/1360937237/app.o
                0xa000001c                update_byte
                0xa0000020                dazzler_picture_ctrl
                0xa0000024                . = ALIGN (0x4)
                0xa0000024                _sdata_end = .

.lit8
 *(.lit8)

.lit4
 *(.lit4)
                0xa0000024                . = ALIGN (0x4)
                0xa0000024                _data_end = .
                0xa0000024                _bss_begin = .

.sbss           0xa0000024       0x84
                0xa0000024                _sbss_begin = .
 *(.dynsbss)
 *(.sbss .sbss.* .gnu.linkonce.sb.*)
 .sbss          0xa0000024        0x4 build/default/production/_ext/1298913485/drv_tmr.o
 .sbss          0xa0000028        0xc build/default/production/_ext/1688732426/system_exceptions.o
 *fill*         0xa0000034        0x4 
 .sbss          0xa0000038       0x68 build/default/production/_ext/1360937237/app.o
                0xa0000074                usbBusy
                0xa0000080                usb_joydata
                0xa0000088                ringbuffer_end
                0xa000008c                ringbuffer_start
                0xa0000090                test_mode
                0xa0000094                dazzler_ctrl
                0xa0000098                g_current_line
 *(.scommon)
 .scommon       0xa00000a0        0x8 build/default/production/_ext/340578644/sys_devcon.o
                0xa00000a0                sysDevconObj
                0xa00000a8                _sbss_end = .
                0xa00000a8                . = ALIGN (0x4)

.bss            0xa0000200     0x5e40
 *(.dynbss)
 *(COMMON)
 COMMON         0xa0000200      0x114 build/default/production/_ext/695388678/drv_usbfs.o
                0xa0000200                gDrvUSBGroup
 COMMON         0xa0000314      0x1b8 build/default/production/_ext/695388678/drv_usbfs_host.o
                0xa0000314                gDrvUSBHostPipeObj
 COMMON         0xa00004cc       0xa4 build/default/production/_ext/2136756787/usb_host_cdc.o
                0xa00004cc                gUSBHostCDCObj
                0xa0000564                gUSBHostCDCAttachListener
 *fill*         0xa0000570       0x90 
 COMMON         0xa0000600       0x30 build/default/production/_ext/1688732426/system_init.o
                0xa0000600                endPointTable
                0xa0000620                sysObj
 *fill*         0xa0000630       0x10 
 COMMON         0xa0000640     0x5a00 build/default/production/_ext/1360937237/app.o
                0xa0000640                framebuffer
                0xa0004840                ringbuffer
                0xa0005840                dazzler_mem
                0xa0006040                . = ALIGN ((. != 0x0)?0x4:0x1)
                0xa0006040                . = ALIGN (0x4)
                0xa0006040                _end = .
                0xa0006040                _bss_end = .
                0x00008000                _bmxdudba_address = 0x8000
                0x00008000                _bmxdupba_address = 0x8000

/DISCARD/
 *(.pdr)
 *(.rel.dyn)
 *(.note.GNU-stack)
 *(.note.GNU-stack)
 *(.gnu_debuglink)
 *(.gnu.lto_*)
 *(.discard)

.gptab.sdata
 *(.gptab.data)
 *(.gptab.sdata)

.gptab.sbss
 *(.gptab.bss)
 *(.gptab.sbss)

.mdebug.abi32   0xa0006040        0x0
 *(.mdebug.abi32)
 .mdebug.abi32  0xa0006040        0x0 build/default/production/_ext/1298913485/drv_tmr.o
 .mdebug.abi32  0xa0006040        0x0 build/default/production/_ext/695388678/drv_usbfs.o
 .mdebug.abi32  0xa0006040        0x0 build/default/production/_ext/695388678/drv_usbfs_host.o
 .mdebug.abi32  0xa0006040        0x0 build/default/production/_ext/639803181/sys_clk_pic32mx.o
 .mdebug.abi32  0xa0006040        0x0 build/default/production/_ext/340578644/sys_devcon.o
 .mdebug.abi32  0xa0006040        0x0 build/default/production/_ext/340578644/sys_devcon_pic32mx.o
 .mdebug.abi32  0xa0006040        0x0 build/default/production/_ext/1735427962/sys_int_pic32.o
 .mdebug.abi32  0xa0006040        0x0 build/default/production/_ext/822048611/sys_ports_static.o
 .mdebug.abi32  0xa0006040        0x0 build/default/production/_ext/1417409628/sys_tmr.o
 .mdebug.abi32  0xa0006040        0x0 build/default/production/_ext/2136756787/usb_host.o
 .mdebug.abi32  0xa0006040        0x0 build/default/production/_ext/2136756787/usb_host_cdc.o
 .mdebug.abi32  0xa0006040        0x0 build/default/production/_ext/2136756787/usb_host_cdc_acm.o
 .mdebug.abi32  0xa0006040        0x0 build/default/production/_ext/1688732426/system_init.o
 .mdebug.abi32  0xa0006040        0x0 build/default/production/_ext/1688732426/system_interrupt.o
 .mdebug.abi32  0xa0006040        0x0 build/default/production/_ext/1688732426/system_exceptions.o
 .mdebug.abi32  0xa0006040        0x0 build/default/production/_ext/1688732426/system_tasks.o
 .mdebug.abi32  0xa0006040        0x0 build/default/production/_ext/1360937237/app.o
 .mdebug.abi32  0xa0006040        0x0 build/default/production/_ext/1360937237/main.o
 .mdebug.abi32  0xa0006040        0x0 c:/program files (x86)/microchip/xc32/v1.44/bin/bin/../../lib/gcc/pic32mx/4.8.3\libgcc.a(_udivdi3.o)
 .mdebug.abi32  0xa0006040        0x0 c:/program files (x86)/microchip/xc32/v1.44/bin/bin/../../lib/gcc/pic32mx/4.8.3/../../../../pic32mx/lib\libpic32.a(default-bootstrap-exception-handler.o)
 .mdebug.abi32  0xa0006040        0x0 c:/program files (x86)/microchip/xc32/v1.44/bin/bin/../../lib/gcc/pic32mx/4.8.3/../../../../pic32mx/lib\libpic32.a(default-on-reset.o)
 .mdebug.abi32  0xa0006040        0x0 c:/program files (x86)/microchip/xc32/v1.44/bin/bin/../../lib/gcc/pic32mx/4.8.3/../../../../pic32mx/lib\libpic32.a(default-on-bootstrap.o)
 .mdebug.abi32  0xa0006040        0x0 c:/program files (x86)/microchip/xc32/v1.44/bin/bin/../../lib/gcc/pic32mx/4.8.3/../../../../pic32mx/lib\libpic32.a(defaultinterrupt.o)
 .mdebug.abi32  0xa0006040        0x0 c:/program files (x86)/microchip/xc32/v1.44/bin/bin/../../lib/gcc/pic32mx/4.8.3/../../../../pic32mx/lib\libc.a(malloc.o)
 .mdebug.abi32  0xa0006040        0x0 c:/program files (x86)/microchip/xc32/v1.44/bin/bin/../../lib/gcc/pic32mx/4.8.3/../../../../pic32mx/lib\libpic32.a(sbrk.o)
 .mdebug.abi32  0xa0006040        0x0 c:/program files (x86)/microchip/xc32/v1.44/bin/bin/../../lib/gcc/pic32mx/4.8.3/../../../../pic32mx/lib\libpic32.a(errno.o)

.mdebug.abiN32
 *(.mdebug.abiN32)

.mdebug.abi64
 *(.mdebug.abi64)

.mdebug.abiO64
 *(.mdebug.abiO64)

.mdebug.eabi32
 *(.mdebug.eabi32)

.mdebug.eabi64
 *(.mdebug.eabi64)

.gcc_compiled_long32
 *(.gcc_compiled_long32)

.gcc_compiled_long64
 *(.gcc_compiled_long64)

.stab
 *(.stab)

.stabstr
 *(.stabstr)

.stab.excl
 *(.stab.excl)

.stab.exclstr
 *(.stab.exclstr)

.stab.index
 *(.stab.index)

.stab.indexstr
 *(.stab.indexstr)

.comment        0x00000000       0x9f
 *(.comment)
 .comment       0x00000000       0x3c build/default/production/_ext/1298913485/drv_tmr.o
                                 0x3d (size before relaxing)
 .comment       0x00000000       0x3d build/default/production/_ext/695388678/drv_usbfs.o
 .comment       0x00000000       0x3d build/default/production/_ext/695388678/drv_usbfs_host.o
 .comment       0x00000000       0x3d build/default/production/_ext/639803181/sys_clk_pic32mx.o
 .comment       0x00000000       0x3d build/default/production/_ext/340578644/sys_devcon.o
 .comment       0x00000000       0x3d build/default/production/_ext/340578644/sys_devcon_pic32mx.o
 .comment       0x00000000       0x3d build/default/production/_ext/1735427962/sys_int_pic32.o
 .comment       0x00000000       0x3d build/default/production/_ext/822048611/sys_ports_static.o
 .comment       0x00000000       0x3d build/default/production/_ext/1417409628/sys_tmr.o
 .comment       0x00000000       0x3d build/default/production/_ext/2136756787/usb_host.o
 .comment       0x00000000       0x3d build/default/production/_ext/2136756787/usb_host_cdc.o
 .comment       0x00000000       0x3d build/default/production/_ext/2136756787/usb_host_cdc_acm.o
 .comment       0x00000000       0x3d build/default/production/_ext/1688732426/system_init.o
 .comment       0x00000000       0x3d build/default/production/_ext/1688732426/system_interrupt.o
 .comment       0x00000000       0x3d build/default/production/_ext/1688732426/system_exceptions.o
 .comment       0x00000000       0x3d build/default/production/_ext/1688732426/system_tasks.o
 .comment       0x00000000       0x3d build/default/production/_ext/1360937237/app.o
 .comment       0x00000000       0x3d build/default/production/_ext/1360937237/main.o
 .comment       0x00000000       0x3d c:/program files (x86)/microchip/xc32/v1.44/bin/bin/../../lib/gcc/pic32mx/4.8.3\libgcc.a(_udivdi3.o)
 .comment       0x0000003c       0x18 c:/program files (x86)/microchip/xc32/v1.44/bin/bin/../../lib/gcc/pic32mx/4.8.3/../../../../pic32mx/lib\libpic32.a(memset.o)
                                 0x19 (size before relaxing)
 .comment       0x00000000       0x3d c:/program files (x86)/microchip/xc32/v1.44/bin/bin/../../lib/gcc/pic32mx/4.8.3/../../../../pic32mx/lib\libpic32.a(default-bootstrap-exception-handler.o)
 .comment       0x00000000       0x3d c:/program files (x86)/microchip/xc32/v1.44/bin/bin/../../lib/gcc/pic32mx/4.8.3/../../../../pic32mx/lib\libpic32.a(default-on-reset.o)
 .comment       0x00000000       0x3d c:/program files (x86)/microchip/xc32/v1.44/bin/bin/../../lib/gcc/pic32mx/4.8.3/../../../../pic32mx/lib\libpic32.a(default-on-bootstrap.o)
 .comment       0x00000000       0x3d c:/program files (x86)/microchip/xc32/v1.44/bin/bin/../../lib/gcc/pic32mx/4.8.3/../../../../pic32mx/lib\libpic32.a(defaultinterrupt.o)
 .comment       0x00000000       0x3d c:/program files (x86)/microchip/xc32/v1.44/bin/bin/../../lib/gcc/pic32mx/4.8.3/../../../../pic32mx/lib\libc.a(malloc.o)
 .comment       0x00000054       0x4b c:/program files (x86)/microchip/xc32/v1.44/bin/bin/../../lib/gcc/pic32mx/4.8.3/../../../../pic32mx/lib\libpic32.a(sbrk.o)
                                 0x88 (size before relaxing)
 .comment       0x00000000       0x3d c:/program files (x86)/microchip/xc32/v1.44/bin/bin/../../lib/gcc/pic32mx/4.8.3/../../../../pic32mx/lib\libpic32.a(errno.o)

.debug
 *(.debug)

.line
 *(.line)

.debug_srcinfo
 *(.debug_srcinfo)

.debug_sfnames
 *(.debug_sfnames)

.debug_aranges  0x00000000      0xb30
 *(.debug_aranges)
 .debug_aranges
                0x00000000      0x110 build/default/production/_ext/1298913485/drv_tmr.o
 .debug_aranges
                0x00000110       0x60 build/default/production/_ext/695388678/drv_usbfs.o
 .debug_aranges
                0x00000170       0xf8 build/default/production/_ext/695388678/drv_usbfs_host.o
 .debug_aranges
                0x00000268       0x50 build/default/production/_ext/639803181/sys_clk_pic32mx.o
 .debug_aranges
                0x000002b8       0x78 build/default/production/_ext/340578644/sys_devcon.o
 .debug_aranges
                0x00000330       0x20 build/default/production/_ext/340578644/sys_devcon_pic32mx.o
 .debug_aranges
                0x00000350       0x48 build/default/production/_ext/1735427962/sys_int_pic32.o
 .debug_aranges
                0x00000398      0x148 build/default/production/_ext/822048611/sys_ports_static.o
 .debug_aranges
                0x000004e0       0xd0 build/default/production/_ext/1417409628/sys_tmr.o
 .debug_aranges
                0x000005b0      0x1e0 build/default/production/_ext/2136756787/usb_host.o
 .debug_aranges
                0x00000790       0xc8 build/default/production/_ext/2136756787/usb_host_cdc.o
 .debug_aranges
                0x00000858       0x40 build/default/production/_ext/2136756787/usb_host_cdc_acm.o
 .debug_aranges
                0x00000898       0x20 build/default/production/_ext/1688732426/system_init.o
 .debug_aranges
                0x000008b8       0x28 build/default/production/_ext/1688732426/system_interrupt.o
 .debug_aranges
                0x000008e0       0x20 build/default/production/_ext/1688732426/system_exceptions.o
 .debug_aranges
                0x00000900       0x20 build/default/production/_ext/1688732426/system_tasks.o
 .debug_aranges
                0x00000920       0xe0 build/default/production/_ext/1360937237/app.o
 .debug_aranges
                0x00000a00       0x20 build/default/production/_ext/1360937237/main.o
 .debug_aranges
                0x00000a20       0x20 c:/program files (x86)/microchip/xc32/v1.44/bin/bin/../../lib/gcc/pic32mx/4.8.3\libgcc.a(_udivdi3.o)
 .debug_aranges
                0x00000a40       0x20 c:/program files (x86)/microchip/xc32/v1.44/bin/bin/../../lib/gcc/pic32mx/4.8.3/../../../../pic32mx/lib\libpic32.a(default-bootstrap-exception-handler.o)
 .debug_aranges
                0x00000a60       0x20 c:/program files (x86)/microchip/xc32/v1.44/bin/bin/../../lib/gcc/pic32mx/4.8.3/../../../../pic32mx/lib\libpic32.a(default-on-reset.o)
 .debug_aranges
                0x00000a80       0x20 c:/program files (x86)/microchip/xc32/v1.44/bin/bin/../../lib/gcc/pic32mx/4.8.3/../../../../pic32mx/lib\libpic32.a(default-on-bootstrap.o)
 .debug_aranges
                0x00000aa0       0x20 c:/program files (x86)/microchip/xc32/v1.44/bin/bin/../../lib/gcc/pic32mx/4.8.3/../../../../pic32mx/lib\libpic32.a(defaultinterrupt.o)
 .debug_aranges
                0x00000ac0       0x30 c:/program files (x86)/microchip/xc32/v1.44/bin/bin/../../lib/gcc/pic32mx/4.8.3/../../../../pic32mx/lib\libc.a(malloc.o)
 .debug_aranges
                0x00000af0       0x40 c:/program files (x86)/microchip/xc32/v1.44/bin/bin/../../lib/gcc/pic32mx/4.8.3/../../../../pic32mx/lib\libpic32.a(sbrk.o)

.debug_pubnames
 *(.debug_pubnames)

.debug_info     0x00000000    0x3e4b6
 *(.debug_info .gnu.linkonce.wi.*)
 .debug_info    0x00000000     0x54df build/default/production/_ext/1298913485/drv_tmr.o
 .debug_info    0x000054df     0x53ea build/default/production/_ext/695388678/drv_usbfs.o
 .debug_info    0x0000a8c9     0x97d7 build/default/production/_ext/695388678/drv_usbfs_host.o
 .debug_info    0x000140a0     0x1898 build/default/production/_ext/639803181/sys_clk_pic32mx.o
 .debug_info    0x00015938     0x164e build/default/production/_ext/340578644/sys_devcon.o
 .debug_info    0x00016f86     0x106b build/default/production/_ext/340578644/sys_devcon_pic32mx.o
 .debug_info    0x00017ff1     0x111e build/default/production/_ext/1735427962/sys_int_pic32.o
 .debug_info    0x0001910f     0x4030 build/default/production/_ext/822048611/sys_ports_static.o
 .debug_info    0x0001d13f     0x2ad5 build/default/production/_ext/1417409628/sys_tmr.o
 .debug_info    0x0001fc14     0x8076 build/default/production/_ext/2136756787/usb_host.o
 .debug_info    0x00027c8a     0x3d71 build/default/production/_ext/2136756787/usb_host_cdc.o
 .debug_info    0x0002b9fb     0x24b2 build/default/production/_ext/2136756787/usb_host_cdc_acm.o
 .debug_info    0x0002dead     0x439b build/default/production/_ext/1688732426/system_init.o
 .debug_info    0x00032248      0xc70 build/default/production/_ext/1688732426/system_interrupt.o
 .debug_info    0x00032eb8      0xdf5 build/default/production/_ext/1688732426/system_exceptions.o
 .debug_info    0x00033cad      0xc74 build/default/production/_ext/1688732426/system_tasks.o
 .debug_info    0x00034921     0x8cd8 build/default/production/_ext/1360937237/app.o
 .debug_info    0x0003d5f9      0x1a4 build/default/production/_ext/1360937237/main.o
 .debug_info    0x0003d79d      0x76f c:/program files (x86)/microchip/xc32/v1.44/bin/bin/../../lib/gcc/pic32mx/4.8.3\libgcc.a(_udivdi3.o)
 .debug_info    0x0003df0c       0xf5 c:/program files (x86)/microchip/xc32/v1.44/bin/bin/../../lib/gcc/pic32mx/4.8.3/../../../../pic32mx/lib\libpic32.a(default-bootstrap-exception-handler.o)
 .debug_info    0x0003e001       0xce c:/program files (x86)/microchip/xc32/v1.44/bin/bin/../../lib/gcc/pic32mx/4.8.3/../../../../pic32mx/lib\libpic32.a(default-on-reset.o)
 .debug_info    0x0003e0cf       0xd6 c:/program files (x86)/microchip/xc32/v1.44/bin/bin/../../lib/gcc/pic32mx/4.8.3/../../../../pic32mx/lib\libpic32.a(default-on-bootstrap.o)
 .debug_info    0x0003e1a5       0xe8 c:/program files (x86)/microchip/xc32/v1.44/bin/bin/../../lib/gcc/pic32mx/4.8.3/../../../../pic32mx/lib\libpic32.a(defaultinterrupt.o)
 .debug_info    0x0003e28d       0xf7 c:/program files (x86)/microchip/xc32/v1.44/bin/bin/../../lib/gcc/pic32mx/4.8.3/../../../../pic32mx/lib\libc.a(malloc.o)
 .debug_info    0x0003e384      0x132 c:/program files (x86)/microchip/xc32/v1.44/bin/bin/../../lib/gcc/pic32mx/4.8.3/../../../../pic32mx/lib\libpic32.a(sbrk.o)

.debug_abbrev   0x00000000     0x37e6
 *(.debug_abbrev)
 .debug_abbrev  0x00000000      0x4d7 build/default/production/_ext/1298913485/drv_tmr.o
 .debug_abbrev  0x000004d7      0x447 build/default/production/_ext/695388678/drv_usbfs.o
 .debug_abbrev  0x0000091e      0x4c7 build/default/production/_ext/695388678/drv_usbfs_host.o
 .debug_abbrev  0x00000de5      0x26b build/default/production/_ext/639803181/sys_clk_pic32mx.o
 .debug_abbrev  0x00001050      0x2a0 build/default/production/_ext/340578644/sys_devcon.o
 .debug_abbrev  0x000012f0      0x204 build/default/production/_ext/340578644/sys_devcon_pic32mx.o
 .debug_abbrev  0x000014f4      0x237 build/default/production/_ext/1735427962/sys_int_pic32.o
 .debug_abbrev  0x0000172b      0x28f build/default/production/_ext/822048611/sys_ports_static.o
 .debug_abbrev  0x000019ba      0x500 build/default/production/_ext/1417409628/sys_tmr.o
 .debug_abbrev  0x00001eba      0x540 build/default/production/_ext/2136756787/usb_host.o
 .debug_abbrev  0x000023fa      0x33c build/default/production/_ext/2136756787/usb_host_cdc.o
 .debug_abbrev  0x00002736      0x288 build/default/production/_ext/2136756787/usb_host_cdc_acm.o
 .debug_abbrev  0x000029be      0x31b build/default/production/_ext/1688732426/system_init.o
 .debug_abbrev  0x00002cd9      0x11a build/default/production/_ext/1688732426/system_interrupt.o
 .debug_abbrev  0x00002df3       0xef build/default/production/_ext/1688732426/system_exceptions.o
 .debug_abbrev  0x00002ee2      0x11a build/default/production/_ext/1688732426/system_tasks.o
 .debug_abbrev  0x00002ffc      0x4e4 build/default/production/_ext/1360937237/app.o
 .debug_abbrev  0x000034e0       0x93 build/default/production/_ext/1360937237/main.o
 .debug_abbrev  0x00003573      0x138 c:/program files (x86)/microchip/xc32/v1.44/bin/bin/../../lib/gcc/pic32mx/4.8.3\libgcc.a(_udivdi3.o)
 .debug_abbrev  0x000036ab       0x28 c:/program files (x86)/microchip/xc32/v1.44/bin/bin/../../lib/gcc/pic32mx/4.8.3/../../../../pic32mx/lib\libpic32.a(default-bootstrap-exception-handler.o)
 .debug_abbrev  0x000036d3       0x28 c:/program files (x86)/microchip/xc32/v1.44/bin/bin/../../lib/gcc/pic32mx/4.8.3/../../../../pic32mx/lib\libpic32.a(default-on-reset.o)
 .debug_abbrev  0x000036fb       0x28 c:/program files (x86)/microchip/xc32/v1.44/bin/bin/../../lib/gcc/pic32mx/4.8.3/../../../../pic32mx/lib\libpic32.a(default-on-bootstrap.o)
 .debug_abbrev  0x00003723       0x28 c:/program files (x86)/microchip/xc32/v1.44/bin/bin/../../lib/gcc/pic32mx/4.8.3/../../../../pic32mx/lib\libpic32.a(defaultinterrupt.o)
 .debug_abbrev  0x0000374b       0x47 c:/program files (x86)/microchip/xc32/v1.44/bin/bin/../../lib/gcc/pic32mx/4.8.3/../../../../pic32mx/lib\libc.a(malloc.o)
 .debug_abbrev  0x00003792       0x54 c:/program files (x86)/microchip/xc32/v1.44/bin/bin/../../lib/gcc/pic32mx/4.8.3/../../../../pic32mx/lib\libpic32.a(sbrk.o)

.debug_line     0x00000000     0x9c86
 *(.debug_line)
 .debug_line    0x00000000      0xe93 build/default/production/_ext/1298913485/drv_tmr.o
 .debug_line    0x00000e93      0xa27 build/default/production/_ext/695388678/drv_usbfs.o
 .debug_line    0x000018ba     0x12d8 build/default/production/_ext/695388678/drv_usbfs_host.o
 .debug_line    0x00002b92      0x594 build/default/production/_ext/639803181/sys_clk_pic32mx.o
 .debug_line    0x00003126      0x7d5 build/default/production/_ext/340578644/sys_devcon.o
 .debug_line    0x000038fb      0x4ac build/default/production/_ext/340578644/sys_devcon_pic32mx.o
 .debug_line    0x00003da7      0x3a1 build/default/production/_ext/1735427962/sys_int_pic32.o
 .debug_line    0x00004148      0xa9a build/default/production/_ext/822048611/sys_ports_static.o
 .debug_line    0x00004be2      0x7b5 build/default/production/_ext/1417409628/sys_tmr.o
 .debug_line    0x00005397     0x12fe build/default/production/_ext/2136756787/usb_host.o
 .debug_line    0x00006695      0x619 build/default/production/_ext/2136756787/usb_host_cdc.o
 .debug_line    0x00006cae      0x3b0 build/default/production/_ext/2136756787/usb_host_cdc_acm.o
 .debug_line    0x0000705e      0xa42 build/default/production/_ext/1688732426/system_init.o
 .debug_line    0x00007aa0      0x2d2 build/default/production/_ext/1688732426/system_interrupt.o
 .debug_line    0x00007d72      0x1ce build/default/production/_ext/1688732426/system_exceptions.o
 .debug_line    0x00007f40      0x360 build/default/production/_ext/1688732426/system_tasks.o
 .debug_line    0x000082a0     0x147f build/default/production/_ext/1360937237/app.o
 .debug_line    0x0000971f       0xe9 build/default/production/_ext/1360937237/main.o
 .debug_line    0x00009808       0xfd c:/program files (x86)/microchip/xc32/v1.44/bin/bin/../../lib/gcc/pic32mx/4.8.3\libgcc.a(_udivdi3.o)
 .debug_line    0x00009905       0xa7 c:/program files (x86)/microchip/xc32/v1.44/bin/bin/../../lib/gcc/pic32mx/4.8.3/../../../../pic32mx/lib\libpic32.a(default-bootstrap-exception-handler.o)
 .debug_line    0x000099ac       0x94 c:/program files (x86)/microchip/xc32/v1.44/bin/bin/../../lib/gcc/pic32mx/4.8.3/../../../../pic32mx/lib\libpic32.a(default-on-reset.o)
 .debug_line    0x00009a40       0x98 c:/program files (x86)/microchip/xc32/v1.44/bin/bin/../../lib/gcc/pic32mx/4.8.3/../../../../pic32mx/lib\libpic32.a(default-on-bootstrap.o)
 .debug_line    0x00009ad8       0xa6 c:/program files (x86)/microchip/xc32/v1.44/bin/bin/../../lib/gcc/pic32mx/4.8.3/../../../../pic32mx/lib\libpic32.a(defaultinterrupt.o)
 .debug_line    0x00009b7e       0x80 c:/program files (x86)/microchip/xc32/v1.44/bin/bin/../../lib/gcc/pic32mx/4.8.3/../../../../pic32mx/lib\libc.a(malloc.o)
 .debug_line    0x00009bfe       0x88 c:/program files (x86)/microchip/xc32/v1.44/bin/bin/../../lib/gcc/pic32mx/4.8.3/../../../../pic32mx/lib\libpic32.a(sbrk.o)
 .debug_line    0x00009c86        0x0 c:/program files (x86)/microchip/xc32/v1.44/bin/bin/../../lib/gcc/pic32mx/4.8.3/../../../../pic32mx/lib\libpic32.a(errno.o)

.debug_frame    0x00000000     0x19c8
 *(.debug_frame)
 .debug_frame   0x00000000      0x2ac build/default/production/_ext/1298913485/drv_tmr.o
 .debug_frame   0x000002ac       0xc8 build/default/production/_ext/695388678/drv_usbfs.o
 .debug_frame   0x00000374      0x260 build/default/production/_ext/695388678/drv_usbfs_host.o
 .debug_frame   0x000005d4       0xa0 build/default/production/_ext/639803181/sys_clk_pic32mx.o
 .debug_frame   0x00000674       0xe8 build/default/production/_ext/340578644/sys_devcon.o
 .debug_frame   0x0000075c       0x28 build/default/production/_ext/340578644/sys_devcon_pic32mx.o
 .debug_frame   0x00000784       0x90 build/default/production/_ext/1735427962/sys_int_pic32.o
 .debug_frame   0x00000814      0x270 build/default/production/_ext/822048611/sys_ports_static.o
 .debug_frame   0x00000a84      0x250 build/default/production/_ext/1417409628/sys_tmr.o
 .debug_frame   0x00000cd4      0x550 build/default/production/_ext/2136756787/usb_host.o
 .debug_frame   0x00001224      0x1e4 build/default/production/_ext/2136756787/usb_host_cdc.o
 .debug_frame   0x00001408       0x9c build/default/production/_ext/2136756787/usb_host_cdc_acm.o
 .debug_frame   0x000014a4       0x2c build/default/production/_ext/1688732426/system_init.o
 .debug_frame   0x000014d0       0xb8 build/default/production/_ext/1688732426/system_interrupt.o
 .debug_frame   0x00001588       0x28 build/default/production/_ext/1688732426/system_exceptions.o
 .debug_frame   0x000015b0       0x28 build/default/production/_ext/1688732426/system_tasks.o
 .debug_frame   0x000015d8      0x230 build/default/production/_ext/1360937237/app.o
 .debug_frame   0x00001808       0x28 build/default/production/_ext/1360937237/main.o
 .debug_frame   0x00001830       0x20 c:/program files (x86)/microchip/xc32/v1.44/bin/bin/../../lib/gcc/pic32mx/4.8.3\libgcc.a(_udivdi3.o)
 .debug_frame   0x00001850       0x2c c:/program files (x86)/microchip/xc32/v1.44/bin/bin/../../lib/gcc/pic32mx/4.8.3/../../../../pic32mx/lib\libpic32.a(default-bootstrap-exception-handler.o)
 .debug_frame   0x0000187c       0x20 c:/program files (x86)/microchip/xc32/v1.44/bin/bin/../../lib/gcc/pic32mx/4.8.3/../../../../pic32mx/lib\libpic32.a(default-on-reset.o)
 .debug_frame   0x0000189c       0x20 c:/program files (x86)/microchip/xc32/v1.44/bin/bin/../../lib/gcc/pic32mx/4.8.3/../../../../pic32mx/lib\libpic32.a(default-on-bootstrap.o)
 .debug_frame   0x000018bc       0x20 c:/program files (x86)/microchip/xc32/v1.44/bin/bin/../../lib/gcc/pic32mx/4.8.3/../../../../pic32mx/lib\libpic32.a(defaultinterrupt.o)
 .debug_frame   0x000018dc       0x68 c:/program files (x86)/microchip/xc32/v1.44/bin/bin/../../lib/gcc/pic32mx/4.8.3/../../../../pic32mx/lib\libc.a(malloc.o)
 .debug_frame   0x00001944       0x84 c:/program files (x86)/microchip/xc32/v1.44/bin/bin/../../lib/gcc/pic32mx/4.8.3/../../../../pic32mx/lib\libpic32.a(sbrk.o)

.debug_str      0x00000000      0xd2e
 *(.debug_str)
 .debug_str     0x00000000       0xc6 build/default/production/_ext/1298913485/drv_tmr.o
 .debug_str     0x000000c6      0x101 build/default/production/_ext/695388678/drv_usbfs.o
 .debug_str     0x000001c7      0x29e build/default/production/_ext/695388678/drv_usbfs_host.o
 .debug_str     0x00000465       0x46 build/default/production/_ext/639803181/sys_clk_pic32mx.o
 .debug_str     0x000004ab       0x16 build/default/production/_ext/340578644/sys_devcon.o
 .debug_str     0x000004c1        0x6 build/default/production/_ext/340578644/sys_devcon_pic32mx.o
 .debug_str     0x000004c7       0x1d build/default/production/_ext/1735427962/sys_int_pic32.o
 .debug_str     0x000004e4       0xa1 build/default/production/_ext/822048611/sys_ports_static.o
 .debug_str     0x00000585       0x7d build/default/production/_ext/1417409628/sys_tmr.o
 .debug_str     0x00000602      0x415 build/default/production/_ext/2136756787/usb_host.o
 .debug_str     0x00000a17      0x189 build/default/production/_ext/2136756787/usb_host_cdc.o
 .debug_str     0x00000ba0       0xa3 build/default/production/_ext/2136756787/usb_host_cdc_acm.o
 .debug_str     0x00000c43       0x4f build/default/production/_ext/1688732426/system_init.o
 .debug_str     0x00000c92        0x0 build/default/production/_ext/1688732426/system_interrupt.o
 .debug_str     0x00000c92        0x0 build/default/production/_ext/1688732426/system_exceptions.o
 .debug_str     0x00000c92        0x0 build/default/production/_ext/1688732426/system_tasks.o
 .debug_str     0x00000c92       0x9c build/default/production/_ext/1360937237/app.o
 .debug_str     0x00000d2e        0x0 build/default/production/_ext/1360937237/main.o
 .debug_str     0x00000d2e        0x0 c:/program files (x86)/microchip/xc32/v1.44/bin/bin/../../lib/gcc/pic32mx/4.8.3\libgcc.a(_udivdi3.o)
 .debug_str     0x00000d2e        0x0 c:/program files (x86)/microchip/xc32/v1.44/bin/bin/../../lib/gcc/pic32mx/4.8.3/../../../../pic32mx/lib\libpic32.a(default-bootstrap-exception-handler.o)
 .debug_str     0x00000d2e        0x0 c:/program files (x86)/microchip/xc32/v1.44/bin/bin/../../lib/gcc/pic32mx/4.8.3/../../../../pic32mx/lib\libpic32.a(default-on-reset.o)
 .debug_str     0x00000d2e        0x0 c:/program files (x86)/microchip/xc32/v1.44/bin/bin/../../lib/gcc/pic32mx/4.8.3/../../../../pic32mx/lib\libpic32.a(default-on-bootstrap.o)
 .debug_str     0x00000d2e        0x0 c:/program files (x86)/microchip/xc32/v1.44/bin/bin/../../lib/gcc/pic32mx/4.8.3/../../../../pic32mx/lib\libpic32.a(defaultinterrupt.o)
 .debug_str     0x00000d2e        0x0 c:/program files (x86)/microchip/xc32/v1.44/bin/bin/../../lib/gcc/pic32mx/4.8.3/../../../../pic32mx/lib\libc.a(malloc.o)
 .debug_str     0x00000d2e        0x0 c:/program files (x86)/microchip/xc32/v1.44/bin/bin/../../lib/gcc/pic32mx/4.8.3/../../../../pic32mx/lib\libpic32.a(sbrk.o)
 .debug_str     0x00000d2e        0x0 c:/program files (x86)/microchip/xc32/v1.44/bin/bin/../../lib/gcc/pic32mx/4.8.3/../../../../pic32mx/lib\libpic32.a(errno.o)

.debug_loc      0x00000000     0xeb9e
 *(.debug_loc)
 .debug_loc     0x00000000     0x1907 build/default/production/_ext/1298913485/drv_tmr.o
 .debug_loc     0x00001907      0x4ec build/default/production/_ext/695388678/drv_usbfs.o
 .debug_loc     0x00001df3     0x3739 build/default/production/_ext/695388678/drv_usbfs_host.o
 .debug_loc     0x0000552c       0x49 build/default/production/_ext/639803181/sys_clk_pic32mx.o
 .debug_loc     0x00005575       0xf0 build/default/production/_ext/340578644/sys_devcon.o
 .debug_loc     0x00005665       0x91 build/default/production/_ext/340578644/sys_devcon_pic32mx.o
 .debug_loc     0x000056f6       0x7c build/default/production/_ext/1735427962/sys_int_pic32.o
 .debug_loc     0x00005772      0x7ba build/default/production/_ext/822048611/sys_ports_static.o
 .debug_loc     0x00005f2c      0xe68 build/default/production/_ext/1417409628/sys_tmr.o
 .debug_loc     0x00006d94     0x4a26 build/default/production/_ext/2136756787/usb_host.o
 .debug_loc     0x0000b7ba      0xd96 build/default/production/_ext/2136756787/usb_host_cdc.o
 .debug_loc     0x0000c550      0x853 build/default/production/_ext/2136756787/usb_host_cdc_acm.o
 .debug_loc     0x0000cda3       0x21 build/default/production/_ext/1688732426/system_init.o
 .debug_loc     0x0000cdc4     0x12e4 build/default/production/_ext/1360937237/app.o
 .debug_loc     0x0000e0a8      0xa6a c:/program files (x86)/microchip/xc32/v1.44/bin/bin/../../lib/gcc/pic32mx/4.8.3\libgcc.a(_udivdi3.o)
 .debug_loc     0x0000eb12       0x2c c:/program files (x86)/microchip/xc32/v1.44/bin/bin/../../lib/gcc/pic32mx/4.8.3/../../../../pic32mx/lib\libpic32.a(default-bootstrap-exception-handler.o)
 .debug_loc     0x0000eb3e       0x60 c:/program files (x86)/microchip/xc32/v1.44/bin/bin/../../lib/gcc/pic32mx/4.8.3/../../../../pic32mx/lib\libpic32.a(sbrk.o)

.debug_macinfo
 *(.debug_macinfo)

.debug_weaknames
 *(.debug_weaknames)

.debug_funcnames
 *(.debug_funcnames)

.debug_typenames
 *(.debug_typenames)

.debug_varnames
 *(.debug_varnames)

.debug_pubtypes
 *(.debug_pubtypes)

.debug_ranges   0x00000000      0xdd8
 *(.debug_ranges)
 .debug_ranges  0x00000000      0x240 build/default/production/_ext/1298913485/drv_tmr.o
 .debug_ranges  0x00000240       0x50 build/default/production/_ext/695388678/drv_usbfs.o
 .debug_ranges  0x00000290       0xe8 build/default/production/_ext/695388678/drv_usbfs_host.o
 .debug_ranges  0x00000378       0x40 build/default/production/_ext/639803181/sys_clk_pic32mx.o
 .debug_ranges  0x000003b8       0x68 build/default/production/_ext/340578644/sys_devcon.o
 .debug_ranges  0x00000420       0x10 build/default/production/_ext/340578644/sys_devcon_pic32mx.o
 .debug_ranges  0x00000430       0x50 build/default/production/_ext/1735427962/sys_int_pic32.o
 .debug_ranges  0x00000480      0x138 build/default/production/_ext/822048611/sys_ports_static.o
 .debug_ranges  0x000005b8      0x148 build/default/production/_ext/1417409628/sys_tmr.o
 .debug_ranges  0x00000700      0x230 build/default/production/_ext/2136756787/usb_host.o
 .debug_ranges  0x00000930       0xb8 build/default/production/_ext/2136756787/usb_host_cdc.o
 .debug_ranges  0x000009e8       0x30 build/default/production/_ext/2136756787/usb_host_cdc_acm.o
 .debug_ranges  0x00000a18       0x10 build/default/production/_ext/1688732426/system_init.o
 .debug_ranges  0x00000a28       0x18 build/default/production/_ext/1688732426/system_interrupt.o
 .debug_ranges  0x00000a40       0x10 build/default/production/_ext/1688732426/system_exceptions.o
 .debug_ranges  0x00000a50       0x10 build/default/production/_ext/1688732426/system_tasks.o
 .debug_ranges  0x00000a60      0x240 build/default/production/_ext/1360937237/app.o
 .debug_ranges  0x00000ca0       0x10 build/default/production/_ext/1360937237/main.o
 .debug_ranges  0x00000cb0       0x98 c:/program files (x86)/microchip/xc32/v1.44/bin/bin/../../lib/gcc/pic32mx/4.8.3\libgcc.a(_udivdi3.o)
 .debug_ranges  0x00000d48       0x10 c:/program files (x86)/microchip/xc32/v1.44/bin/bin/../../lib/gcc/pic32mx/4.8.3/../../../../pic32mx/lib\libpic32.a(default-bootstrap-exception-handler.o)
 .debug_ranges  0x00000d58       0x10 c:/program files (x86)/microchip/xc32/v1.44/bin/bin/../../lib/gcc/pic32mx/4.8.3/../../../../pic32mx/lib\libpic32.a(default-on-reset.o)
 .debug_ranges  0x00000d68       0x10 c:/program files (x86)/microchip/xc32/v1.44/bin/bin/../../lib/gcc/pic32mx/4.8.3/../../../../pic32mx/lib\libpic32.a(default-on-bootstrap.o)
 .debug_ranges  0x00000d78       0x10 c:/program files (x86)/microchip/xc32/v1.44/bin/bin/../../lib/gcc/pic32mx/4.8.3/../../../../pic32mx/lib\libpic32.a(defaultinterrupt.o)
 .debug_ranges  0x00000d88       0x20 c:/program files (x86)/microchip/xc32/v1.44/bin/bin/../../lib/gcc/pic32mx/4.8.3/../../../../pic32mx/lib\libc.a(malloc.o)
 .debug_ranges  0x00000da8       0x30 c:/program files (x86)/microchip/xc32/v1.44/bin/bin/../../lib/gcc/pic32mx/4.8.3/../../../../pic32mx/lib\libpic32.a(sbrk.o)

.gnu.attributes
                0x00000000       0x10
 *(.gnu.attributes)
 .gnu.attributes
                0x00000000       0x10 build/default/production/_ext/1298913485/drv_tmr.o
 .gnu.attributes
                0x00000010       0x10 build/default/production/_ext/695388678/drv_usbfs.o
 .gnu.attributes
                0x00000020       0x10 build/default/production/_ext/695388678/drv_usbfs_host.o
 .gnu.attributes
                0x00000030       0x10 build/default/production/_ext/639803181/sys_clk_pic32mx.o
 .gnu.attributes
                0x00000040       0x10 build/default/production/_ext/340578644/sys_devcon.o
 .gnu.attributes
                0x00000050       0x10 build/default/production/_ext/340578644/sys_devcon_pic32mx.o
 .gnu.attributes
                0x00000060       0x10 build/default/production/_ext/1735427962/sys_int_pic32.o
 .gnu.attributes
                0x00000070       0x10 build/default/production/_ext/822048611/sys_ports_static.o
 .gnu.attributes
                0x00000080       0x10 build/default/production/_ext/1417409628/sys_tmr.o
 .gnu.attributes
                0x00000090       0x10 build/default/production/_ext/2136756787/usb_host.o
 .gnu.attributes
                0x000000a0       0x10 build/default/production/_ext/2136756787/usb_host_cdc.o
 .gnu.attributes
                0x000000b0       0x10 build/default/production/_ext/2136756787/usb_host_cdc_acm.o
 .gnu.attributes
                0x000000c0       0x10 build/default/production/_ext/1688732426/system_init.o
 .gnu.attributes
                0x000000d0       0x10 build/default/production/_ext/1688732426/system_interrupt.o
 .gnu.attributes
                0x000000e0       0x10 build/default/production/_ext/1688732426/system_exceptions.o
 .gnu.attributes
                0x000000f0       0x10 build/default/production/_ext/1688732426/system_tasks.o
 .gnu.attributes
                0x00000100       0x10 build/default/production/_ext/1360937237/app.o
 .gnu.attributes
                0x00000110       0x10 build/default/production/_ext/1360937237/main.o
 .gnu.attributes
                0x00000120       0x10 c:/program files (x86)/microchip/xc32/v1.44/bin/bin/../../lib/gcc/pic32mx/4.8.3\libgcc.a(_udivdi3.o)
 .gnu.attributes
                0x00000130       0x10 c:/program files (x86)/microchip/xc32/v1.44/bin/bin/../../lib/gcc/pic32mx/4.8.3/../../../../pic32mx/lib\libpic32.a(default-bootstrap-exception-handler.o)
 .gnu.attributes
                0x00000140       0x10 c:/program files (x86)/microchip/xc32/v1.44/bin/bin/../../lib/gcc/pic32mx/4.8.3/../../../../pic32mx/lib\libpic32.a(default-on-reset.o)
 .gnu.attributes
                0x00000150       0x10 c:/program files (x86)/microchip/xc32/v1.44/bin/bin/../../lib/gcc/pic32mx/4.8.3/../../../../pic32mx/lib\libpic32.a(default-on-bootstrap.o)
 .gnu.attributes
                0x00000160       0x10 c:/program files (x86)/microchip/xc32/v1.44/bin/bin/../../lib/gcc/pic32mx/4.8.3/../../../../pic32mx/lib\libpic32.a(defaultinterrupt.o)
 .gnu.attributes
                0x00000170       0x10 c:/program files (x86)/microchip/xc32/v1.44/bin/bin/../../lib/gcc/pic32mx/4.8.3/../../../../pic32mx/lib\libc.a(malloc.o)
 .gnu.attributes
                0x00000180       0x10 c:/program files (x86)/microchip/xc32/v1.44/bin/bin/../../lib/gcc/pic32mx/4.8.3/../../../../pic32mx/lib\libpic32.a(sbrk.o)
 .gnu.attributes
                0x00000190       0x10 c:/program files (x86)/microchip/xc32/v1.44/bin/bin/../../lib/gcc/pic32mx/4.8.3/../../../../pic32mx/lib\libpic32.a(errno.o)
LOAD c:/program files (x86)/microchip/xc32/v1.44/bin/bin/../../lib/gcc/pic32mx/4.8.3\libgcc.a
START GROUP
LOAD c:/program files (x86)/microchip/xc32/v1.44/bin/bin/../../lib/gcc/pic32mx/4.8.3/../../../../pic32mx/lib\libpic32.a
LOAD c:/program files (x86)/microchip/xc32/v1.44/bin/bin/../../lib/gcc/pic32mx/4.8.3/../../../../pic32mx/lib\libdebug.a
LOAD c:/program files (x86)/microchip/xc32/v1.44/bin/bin/../../lib/gcc/pic32mx/4.8.3/../../../../pic32mx/lib\libpic32.a
LOAD c:/program files (x86)/microchip/xc32/v1.44/bin/bin/../../lib/gcc/pic32mx/4.8.3/../../../../pic32mx/lib\libc.a
LOAD c:/program files (x86)/microchip/xc32/v1.44/bin/bin/../../lib/gcc/pic32mx/4.8.3/../../../../pic32mx/lib\libc.a
LOAD c:/program files (x86)/microchip/xc32/v1.44/bin/bin/../../lib/gcc/pic32mx/4.8.3/../../../../pic32mx/lib\libm.a
LOAD c:/program files (x86)/microchip/xc32/v1.44/bin/bin/../../lib/gcc/pic32mx/4.8.3/../../../../pic32mx/lib\libe.a
LOAD c:/program files (x86)/microchip/xc32/v1.44/bin/bin/../../lib/gcc/pic32mx/4.8.3/../../../../pic32mx/lib\libdsp.a
LOAD c:/program files (x86)/microchip/xc32/v1.44/bin/bin/../../lib/gcc/pic32mx/4.8.3\libgcc.a
LOAD c:/program files (x86)/microchip/xc32/v1.44/bin/bin/../../lib/gcc/pic32mx/4.8.3/../../../../pic32mx/lib\libpic32.a
END GROUP
LOAD c:/program files (x86)/microchip/xc32/v1.44/bin/bin/../../lib/gcc/pic32mx/4.8.3\libgcc.a
OUTPUT(dist/default/production/Dazzler.X.production.elf elf32-tradlittlemips)
LOAD stack
LOAD data_init

.reginfo        0x00000000       0x18
 .reginfo       0x00000000       0x18 c:/program files (x86)/microchip/xc32/v1.44/bin/bin/../../lib/gcc/pic32mx/4.8.3/../../../../pic32mx/lib/./proc/32MX250F128B/crt0_mips32r2.o

.stack          0xa0006c40      0x400
 .stack         0xa0006c40      0x400 stack

.bss            0xa0006040      0x710
 .bss           0xa0006040      0x710 build/default/production/_ext/2136756787/usb_host.o

.bss            0xa00000a8      0x120
 .bss           0xa00000a8       0x90 build/default/production/_ext/1417409628/sys_tmr.o
 .bss           0xa0000138       0x90 build/default/production/_ext/1360937237/app.o

.data           0xa0006750       0x50
 .data          0xa0006750       0x50 build/default/production/_ext/695388678/drv_usbfs_host.o
                0xa0006750                gDrvUSBFSHostInterface

.bss            0xa00067a0       0x3c
 .bss           0xa00067a0       0x3c build/default/production/_ext/1298913485/drv_tmr.o

.data           0xa00001c8       0x2c
 .data          0xa00001c8       0x2c build/default/production/_ext/2136756787/usb_host_cdc.o
                0xa00001c8                gUSBHostCDCClientDriver

.bss            0xa00067dc       0x44
 .bss           0xa00067dc       0x24 c:/program files (x86)/microchip/xc32/v1.44/bin/bin/../../lib/gcc/pic32mx/4.8.3/../../../../pic32mx/lib\libpic32.a(sbrk.o)
                0xa00067f8                _maxbrk
                0xa00067fc                _minbrk
 .bss           0xa0006800       0x20 c:/program files (x86)/microchip/xc32/v1.44/bin/bin/../../lib/gcc/pic32mx/4.8.3/../../../../pic32mx/lib\libc.a(malloc.o)
                0xa0006800                __allocx
                0xa0006808                __alloct
                0xa000680c                __allocp
                0xa0006810                __allocs

.bss.errno      0xa00001f4        0x4
 .bss.errno     0xa00001f4        0x4 c:/program files (x86)/microchip/xc32/v1.44/bin/bin/../../lib/gcc/pic32mx/4.8.3/../../../../pic32mx/lib\libpic32.a(errno.o)
                0xa00001f4                errno

._debug_exception
                0xbfc00480       0x2c
 ._debug_exception
                0xbfc00480       0x2c c:/program files (x86)/microchip/xc32/v1.44/bin/bin/../../lib/gcc/pic32mx/4.8.3/../../../../pic32mx/lib\debug-exception-return.o
                0xbfc00480                __DbgExecReturn

.text._USB_HOST_MakeDeviceReady
                0x9d000000      0xa9c
 .text._USB_HOST_MakeDeviceReady
                0x9d000000      0xa9c build/default/production/_ext/2136756787/usb_host.o
                0x9d000000                _USB_HOST_MakeDeviceReady

.text._DRV_USBFS_HOST_ControlXferProcess
                0x9d000a9c      0x61c
 .text._DRV_USBFS_HOST_ControlXferProcess
                0x9d000a9c      0x61c build/default/production/_ext/695388678/drv_usbfs_host.o
                0x9d000a9c                _DRV_USBFS_HOST_ControlXferProcess

.text._USB_HOST_UpdateConfigurationState
                0x9d0010b8      0x568
 .text._USB_HOST_UpdateConfigurationState
                0x9d0010b8      0x568 build/default/production/_ext/2136756787/usb_host.o
                0x9d0010b8                _USB_HOST_UpdateConfigurationState

.text.check_joystick
                0x9d001620      0x4cc
 .text.check_joystick
                0x9d001620      0x4cc build/default/production/_ext/1360937237/app.o
                0x9d001620                check_joystick

.text._DRV_USBFS_HOST_Tasks_ISR
                0x9d001aec      0x498
 .text._DRV_USBFS_HOST_Tasks_ISR
                0x9d001aec      0x498 build/default/production/_ext/695388678/drv_usbfs_host.o
                0x9d001aec                _DRV_USBFS_HOST_Tasks_ISR

.text._USB_HOST_CDC_InterfaceAssign
                0x9d001f84      0x460
 .text._USB_HOST_CDC_InterfaceAssign
                0x9d001f84      0x460 build/default/production/_ext/2136756787/usb_host_cdc.o
                0x9d001f84                _USB_HOST_CDC_InterfaceAssign

.text._DRV_USBFS_HOST_TransferPack
                0x9d0023e4      0x374
 .text._DRV_USBFS_HOST_TransferPack
                0x9d0023e4      0x374 build/default/production/_ext/695388678/drv_usbfs_host.o
                0x9d0023e4                _DRV_USBFS_HOST_TransferPack

.text.SYS_TMR_Tasks
                0x9d002758      0x308
 .text.SYS_TMR_Tasks
                0x9d002758      0x308 build/default/production/_ext/1417409628/sys_tmr.o
                0x9d002758                SYS_TMR_Tasks

.text._USB_HOST_UpdateInterfaceStatus
                0x9d002a60      0x308
 .text._USB_HOST_UpdateInterfaceStatus
                0x9d002a60      0x308 build/default/production/_ext/2136756787/usb_host.o
                0x9d002a60                _USB_HOST_UpdateInterfaceStatus

.text.DRV_USBFS_HOST_PipeSetup
                0x9d002d68      0x2d8
 .text.DRV_USBFS_HOST_PipeSetup
                0x9d002d68      0x2d8 build/default/production/_ext/695388678/drv_usbfs_host.o
                0x9d002d68                DRV_USBFS_HOST_PipeSetup

.text.APP_Initialize
                0x9d003040      0x2cc
 .text.APP_Initialize
                0x9d003040      0x2cc build/default/production/_ext/1360937237/app.o
                0x9d003040                APP_Initialize

.text.draw_test_screen
                0x9d00330c      0x2c0
 .text.draw_test_screen
                0x9d00330c      0x2c0 build/default/production/_ext/1360937237/app.o
                0x9d00330c                draw_test_screen

.text._USB_HOST_UpdateDeviceOwnership
                0x9d0035cc      0x290
 .text._USB_HOST_UpdateDeviceOwnership
                0x9d0035cc      0x290 build/default/production/_ext/2136756787/usb_host.o
                0x9d0035cc                _USB_HOST_UpdateDeviceOwnership

.text.malloc    0x9d00385c      0x28c
 .text.malloc   0x9d00385c      0x28c c:/program files (x86)/microchip/xc32/v1.44/bin/bin/../../lib/gcc/pic32mx/4.8.3/../../../../pic32mx/lib\libc.a(malloc.o)
                0x9d00385c                malloc

.text._DRV_USBFS_HOST_NonControlIRPProcess
                0x9d003ae8      0x274
 .text._DRV_USBFS_HOST_NonControlIRPProcess
                0x9d003ae8      0x274 build/default/production/_ext/695388678/drv_usbfs_host.o
                0x9d003ae8                _DRV_USBFS_HOST_NonControlIRPProcess

.text.USB_HOST_DevicePipeOpen
                0x9d003d5c      0x22c
 .text.USB_HOST_DevicePipeOpen
                0x9d003d5c      0x22c build/default/production/_ext/2136756787/usb_host.o
                0x9d003d5c                USB_HOST_DevicePipeOpen

.text.USB_HOST_Tasks
                0x9d003f88      0x220
 .text.USB_HOST_Tasks
                0x9d003f88      0x220 build/default/production/_ext/2136756787/usb_host.o
                0x9d003f88                USB_HOST_Tasks

.text.dazzler_receive
                0x9d0041a8      0x21c
 .text.dazzler_receive
                0x9d0041a8      0x21c build/default/production/_ext/1360937237/app.o
                0x9d0041a8                dazzler_receive

.text.USB_HOST_DeviceTransfer
                0x9d0043c4      0x204
 .text.USB_HOST_DeviceTransfer
                0x9d0043c4      0x204 build/default/production/_ext/2136756787/usb_host.o
                0x9d0043c4                USB_HOST_DeviceTransfer

.text.USB_HOST_DeviceEnumerate
                0x9d0045c8      0x1fc
 .text.USB_HOST_DeviceEnumerate
                0x9d0045c8      0x1fc build/default/production/_ext/2136756787/usb_host.o
                0x9d0045c8                USB_HOST_DeviceEnumerate

.text.DRV_USBFS_HOST_PipeClose
                0x9d0047c4      0x1d8
 .text.DRV_USBFS_HOST_PipeClose
                0x9d0047c4      0x1d8 build/default/production/_ext/695388678/drv_usbfs_host.o
                0x9d0047c4                DRV_USBFS_HOST_PipeClose

.text.DRV_TMR_Initialize
                0x9d00499c      0x1a4
 .text.DRV_TMR_Initialize
                0x9d00499c      0x1a4 build/default/production/_ext/1298913485/drv_tmr.o
                0x9d00499c                DRV_TMR_Initialize

.text._sbrk_init
                0x9d004b40      0x194
 .text._sbrk_init
                0x9d004b40      0x194 c:/program files (x86)/microchip/xc32/v1.44/bin/bin/../../lib/gcc/pic32mx/4.8.3/../../../../pic32mx/lib\libpic32.a(sbrk.o)
                0x9d004b40                _sbrk_init

.text._SYS_TMR_ClientCreate
                0x9d004cd4      0x18c
 .text._SYS_TMR_ClientCreate
                0x9d004cd4      0x18c build/default/production/_ext/1417409628/sys_tmr.o

.text._DRV_USBFS_HOST_TransferSchedule
                0x9d004e60      0x188
 .text._DRV_USBFS_HOST_TransferSchedule
                0x9d004e60      0x188 build/default/production/_ext/695388678/drv_usbfs_host.o
                0x9d004e60                _DRV_USBFS_HOST_TransferSchedule

.text.IntHandlerTimer2
                0x9d004fe8      0x184
 .text.IntHandlerTimer2
                0x9d004fe8      0x184 build/default/production/_ext/1360937237/app.o
                0x9d004fe8                IntHandlerTimer2

.dinit          0x9d00516c      0x180
 .dinit         0x9d00516c      0x180 data_init

.text._USB_HOST_DeviceConfigurationDescriptorErrorCheck
                0x9d0052ec      0x174
 .text._USB_HOST_DeviceConfigurationDescriptorErrorCheck
                0x9d0052ec      0x174 build/default/production/_ext/2136756787/usb_host.o
                0x9d0052ec                _USB_HOST_DeviceConfigurationDescriptorErrorCheck

.text.USB_HOST_DeviceEndpointDescriptorQuery
                0x9d005460      0x174
 .text.USB_HOST_DeviceEndpointDescriptorQuery
                0x9d005460      0x174 build/default/production/_ext/2136756787/usb_host.o
                0x9d005460                USB_HOST_DeviceEndpointDescriptorQuery

.text.DRV_USBFS_HOST_IRPCancel
                0x9d0055d4      0x16c
 .text.DRV_USBFS_HOST_IRPCancel
                0x9d0055d4      0x16c build/default/production/_ext/695388678/drv_usbfs_host.o
                0x9d0055d4                DRV_USBFS_HOST_IRPCancel

.text.USB_HOST_DeviceDenumerate
                0x9d005740      0x164
 .text.USB_HOST_DeviceDenumerate
                0x9d005740      0x164 build/default/production/_ext/2136756787/usb_host.o
                0x9d005740                USB_HOST_DeviceDenumerate

.text._USB_HOST_ConfigurationDescriptorParse
                0x9d0058a4      0x15c
 .text._USB_HOST_ConfigurationDescriptorParse
                0x9d0058a4      0x15c build/default/production/_ext/2136756787/usb_host.o
                0x9d0058a4                _USB_HOST_ConfigurationDescriptorParse

.text.USB_HOST_DeviceInterfaceDescriptorQuery
                0x9d005a00      0x154
 .text.USB_HOST_DeviceInterfaceDescriptorQuery
                0x9d005a00      0x154 build/default/production/_ext/2136756787/usb_host.o
                0x9d005a00                USB_HOST_DeviceInterfaceDescriptorQuery

.text.USB_HOST_DeviceGeneralInterfaceDescriptorQuery
                0x9d005b54      0x150
 .text.USB_HOST_DeviceGeneralInterfaceDescriptorQuery
                0x9d005b54      0x150 build/default/production/_ext/2136756787/usb_host.o
                0x9d005b54                USB_HOST_DeviceGeneralInterfaceDescriptorQuery

.text.update_byte_smallmem_single
                0x9d005ca4      0x144
 .text.update_byte_smallmem_single
                0x9d005ca4      0x144 build/default/production/_ext/1360937237/app.o
                0x9d005ca4                update_byte_smallmem_single

.text.DRV_USBFS_Initialize
                0x9d005de8      0x140
 .text.DRV_USBFS_Initialize
                0x9d005de8      0x140 build/default/production/_ext/695388678/drv_usbfs.o
                0x9d005de8                DRV_USBFS_Initialize

.text._DRV_USBFS_HOST_Initialize
                0x9d005f28      0x138
 .text._DRV_USBFS_HOST_Initialize
                0x9d005f28      0x138 build/default/production/_ext/695388678/drv_usbfs_host.o
                0x9d005f28                _DRV_USBFS_HOST_Initialize

.text.IntHandlerDrvTmrInstance0
                0x9d006060      0x134
 .text.IntHandlerDrvTmrInstance0
                0x9d006060      0x134 build/default/production/_ext/1688732426/system_interrupt.o
                0x9d006060                IntHandlerDrvTmrInstance0

.text._IntHandler_USB_stub
                0x9d006194      0x134
 .text._IntHandler_USB_stub
                0x9d006194      0x134 build/default/production/_ext/1688732426/system_interrupt.o
                0x9d006194                _IntHandler_USB_stub

.text.DRV_TMR_AlarmRegister
                0x9d0062c8      0x12c
 .text.DRV_TMR_AlarmRegister
                0x9d0062c8      0x12c build/default/production/_ext/1298913485/drv_tmr.o
                0x9d0062c8                DRV_TMR_AlarmRegister

.text.SYS_Initialize
                0x9d0063f4      0x128
 .text.SYS_Initialize
                0x9d0063f4      0x128 build/default/production/_ext/1688732426/system_init.o
                0x9d0063f4                SYS_Initialize

.rodata         0x9d00651c      0x128
 .rodata        0x9d00651c      0x128 build/default/production/_ext/1688732426/system_exceptions.o

.text.USB_HOST_Initialize
                0x9d006644      0x11c
 .text.USB_HOST_Initialize
                0x9d006644      0x11c build/default/production/_ext/2136756787/usb_host.o
                0x9d006644                USB_HOST_Initialize

.text._USB_HOST_CDC_DeviceTasks
                0x9d006760      0x11c
 .text._USB_HOST_CDC_DeviceTasks
                0x9d006760      0x11c build/default/production/_ext/2136756787/usb_host_cdc.o
                0x9d006760                _USB_HOST_CDC_DeviceTasks

.text.DRV_USBFS_HOST_IRPSubmit
                0x9d00687c      0x10c
 .text.DRV_USBFS_HOST_IRPSubmit
                0x9d00687c      0x10c build/default/production/_ext/695388678/drv_usbfs_host.o
                0x9d00687c                DRV_USBFS_HOST_IRPSubmit

.text.IntHandlerOC2
                0x9d006988      0x100
 .text.IntHandlerOC2
                0x9d006988      0x100 build/default/production/_ext/1360937237/app.o
                0x9d006988                IntHandlerOC2

.text._DRV_TMR_ClockSourceSet
                0x9d006a88       0xf4
 .text._DRV_TMR_ClockSourceSet
                0x9d006a88       0xf4 build/default/production/_ext/1298913485/drv_tmr.o

.text._DRV_USBFS_HOST_NonControlSendToken
                0x9d006b7c       0xf4
 .text._DRV_USBFS_HOST_NonControlSendToken
                0x9d006b7c       0xf4 build/default/production/_ext/695388678/drv_usbfs_host.o
                0x9d006b7c                _DRV_USBFS_HOST_NonControlSendToken

.text._DRV_USBFS_HOST_CalculateControlBW
                0x9d006c70       0xf4
 .text._DRV_USBFS_HOST_CalculateControlBW
                0x9d006c70       0xf4 build/default/production/_ext/695388678/drv_usbfs_host.o
                0x9d006c70                _DRV_USBFS_HOST_CalculateControlBW

.text._SYS_TMR_ClientParamSet
                0x9d006d64       0xe8
 .text._SYS_TMR_ClientParamSet
                0x9d006d64       0xe8 build/default/production/_ext/1417409628/sys_tmr.o

.text.update_byte_bigmem_single
                0x9d006e4c       0xe8
 .text.update_byte_bigmem_single
                0x9d006e4c       0xe8 build/default/production/_ext/1360937237/app.o
                0x9d006e4c                update_byte_bigmem_single

.text.rolling_average
                0x9d006f34       0xe8
 .text.rolling_average
                0x9d006f34       0xe8 build/default/production/_ext/1360937237/app.o
                0x9d006f34                rolling_average

.text.APP_Tasks
                0x9d00701c       0xe8
 .text.APP_Tasks
                0x9d00701c       0xe8 build/default/production/_ext/1360937237/app.o
                0x9d00701c                APP_Tasks

.text._DRV_USBFS_HOST_CalculateNonControlBW
                0x9d007104       0xdc
 .text._DRV_USBFS_HOST_CalculateNonControlBW
                0x9d007104       0xdc build/default/production/_ext/695388678/drv_usbfs_host.o
                0x9d007104                _DRV_USBFS_HOST_CalculateNonControlBW

.text._USB_HOST_CDC_InterfaceRelease
                0x9d0071e0       0xdc
 .text._USB_HOST_CDC_InterfaceRelease
                0x9d0071e0       0xdc build/default/production/_ext/2136756787/usb_host_cdc.o
                0x9d0071e0                _USB_HOST_CDC_InterfaceRelease

.text.general_exception
                0x9d0072bc       0xdc
 .text.general_exception
                0x9d0072bc       0xdc c:/program files (x86)/microchip/xc32/v1.44/bin/bin/../../lib/gcc/pic32mx/4.8.3/../../../../pic32mx/lib\libpic32.a(general-exception.o)
                0x9d0072bc                _general_exception_context

.text.DRV_TMR_CounterFrequencyGet
                0x9d007398       0xd8
 .text.DRV_TMR_CounterFrequencyGet
                0x9d007398       0xd8 build/default/production/_ext/1298913485/drv_tmr.o
                0x9d007398                DRV_TMR_CounterFrequencyGet

.text._USB_HOST_CDC_DeviceRelease
                0x9d007470       0xd4
 .text._USB_HOST_CDC_DeviceRelease
                0x9d007470       0xd4 build/default/production/_ext/2136756787/usb_host_cdc.o
                0x9d007470                _USB_HOST_CDC_DeviceRelease

.rodata         0x9d007544       0xd0
 .rodata        0x9d007544       0xd0 build/default/production/_ext/695388678/drv_usbfs_host.o
                0x9d007544                gDrvUSBLSTableBW
                0x9d007564                gDrvUSBFSTableBW

.text._DRV_USBFS_HOST_ControlSendToken
                0x9d007614       0xcc
 .text._DRV_USBFS_HOST_ControlSendToken
                0x9d007614       0xcc build/default/production/_ext/695388678/drv_usbfs_host.o
                0x9d007614                _DRV_USBFS_HOST_ControlSendToken

.text.USB_HOST_DeviceConfigurationSet
                0x9d0076e0       0xcc
 .text.USB_HOST_DeviceConfigurationSet
                0x9d0076e0       0xcc build/default/production/_ext/2136756787/usb_host.o
                0x9d0076e0                USB_HOST_DeviceConfigurationSet

.text._DRV_TMR_ClockPrescaleSet
                0x9d0077ac       0xc8
 .text._DRV_TMR_ClockPrescaleSet
                0x9d0077ac       0xc8 build/default/production/_ext/1298913485/drv_tmr.o

.text.DRV_TMR_Tasks
                0x9d007874       0xc8
 .text.DRV_TMR_Tasks
                0x9d007874       0xc8 build/default/production/_ext/1298913485/drv_tmr.o
                0x9d007874                DRV_TMR_Tasks

.text._USB_HOST_FindClassSubClassProtocolDriver
                0x9d00793c       0xc8
 .text._USB_HOST_FindClassSubClassProtocolDriver
                0x9d00793c       0xc8 build/default/production/_ext/2136756787/usb_host.o
                0x9d00793c                _USB_HOST_FindClassSubClassProtocolDriver

.text._sbrk     0x9d007a04       0xc8
 .text._sbrk    0x9d007a04       0xc8 c:/program files (x86)/microchip/xc32/v1.44/bin/bin/../../lib/gcc/pic32mx/4.8.3/../../../../pic32mx/lib\libpic32.a(sbrk.o)
                0x9d007a04                _sbrk

.text.DRV_USBFS_HOST_ROOT_HUB_OperationEnable
                0x9d007acc       0xc4
 .text.DRV_USBFS_HOST_ROOT_HUB_OperationEnable
                0x9d007acc       0xc4 build/default/production/_ext/695388678/drv_usbfs_host.o
                0x9d007acc                DRV_USBFS_HOST_ROOT_HUB_OperationEnable

.text.SYS_PORTS_Initialize
                0x9d007b90       0xc4
 .text.SYS_PORTS_Initialize
                0x9d007b90       0xc4 build/default/production/_ext/822048611/sys_ports_static.o
                0x9d007b90                SYS_PORTS_Initialize

.text.USBHostCDCEventHandler
                0x9d007c54       0xc4
 .text.USBHostCDCEventHandler
                0x9d007c54       0xc4 build/default/production/_ext/1360937237/app.o
                0x9d007c54                USBHostCDCEventHandler

.text.SYS_TMR_Initialize
                0x9d007d18       0xc0
 .text.SYS_TMR_Initialize
                0x9d007d18       0xc0 build/default/production/_ext/1417409628/sys_tmr.o
                0x9d007d18                SYS_TMR_Initialize

.text.update_byte_smallmem_multi
                0x9d007dd8       0xb8
 .text.update_byte_smallmem_multi
                0x9d007dd8       0xb8 build/default/production/_ext/1360937237/app.o
                0x9d007dd8                update_byte_smallmem_multi

.text.usbScheduleTransfer
                0x9d007e90       0xb8
 .text.usbScheduleTransfer
                0x9d007e90       0xb8 build/default/production/_ext/1360937237/app.o
                0x9d007e90                usbScheduleTransfer

.text.check_test_button
                0x9d007f48       0xb4
 .text.check_test_button
                0x9d007f48       0xb4 build/default/production/_ext/1360937237/app.o
                0x9d007f48                check_test_button

.text._USB_HOST_CDC_DeviceAssign
                0x9d007ffc       0xb0
 .text._USB_HOST_CDC_DeviceAssign
                0x9d007ffc       0xb0 build/default/production/_ext/2136756787/usb_host_cdc.o
                0x9d007ffc                _USB_HOST_CDC_DeviceAssign

.text           0x9d0080ac       0xa8
 .text          0x9d0080ac       0xa8 c:/program files (x86)/microchip/xc32/v1.44/bin/bin/../../lib/gcc/pic32mx/4.8.3/../../../../pic32mx/lib\libpic32.a(memset.o)
                0x9d0080ac                memset

.text.USB_HOST_DeviceIADQuery
                0x9d008154       0xa4
 .text.USB_HOST_DeviceIADQuery
                0x9d008154       0xa4 build/default/production/_ext/2136756787/usb_host.o
                0x9d008154                USB_HOST_DeviceIADQuery

.text.read_joystick_buttons
                0x9d0081f8       0xa0
 .text.read_joystick_buttons
                0x9d0081f8       0xa0 build/default/production/_ext/1360937237/app.o
                0x9d0081f8                read_joystick_buttons

.text._USB_HOST_CDC_InterfaceEventHandler
                0x9d008298       0x9c
 .text._USB_HOST_CDC_InterfaceEventHandler
                0x9d008298       0x9c build/default/production/_ext/2136756787/usb_host_cdc.o
                0x9d008298                _USB_HOST_CDC_InterfaceEventHandler

.text.USB_HOST_DevicePipeClose
                0x9d008334       0x8c
 .text.USB_HOST_DevicePipeClose
                0x9d008334       0x8c build/default/production/_ext/2136756787/usb_host.o
                0x9d008334                USB_HOST_DevicePipeClose

.text.draw_joystick_pixel
                0x9d0083c0       0x8c
 .text.draw_joystick_pixel
                0x9d0083c0       0x8c build/default/production/_ext/1360937237/app.o
                0x9d0083c0                draw_joystick_pixel

.text._USB_HOST_DataTransferIRPCallback
                0x9d00844c       0x88